Archive member included to satisfy reference by file (symbol)

c:/users/4mzr2/onedrive/pulpit/uczelnia/stm32/stm32cubeide_1.10.1/stm32cubeide/plugins/com.st.stm32cube.ide.mcu.externaltools.gnu-tools-for-stm32.10.3-2021.10.win32_1.0.0.202111181127/tools/bin/../lib/gcc/arm-none-eabi/10.3.1/../../../../arm-none-eabi/lib/thumb/v7e-m+fp/hard\libc_nano.a(lib_a-errno.o)
                              ./Core/Src/syscalls.o (__errno)
c:/users/4mzr2/onedrive/pulpit/uczelnia/stm32/stm32cubeide_1.10.1/stm32cubeide/plugins/com.st.stm32cube.ide.mcu.externaltools.gnu-tools-for-stm32.10.3-2021.10.win32_1.0.0.202111181127/tools/bin/../lib/gcc/arm-none-eabi/10.3.1/../../../../arm-none-eabi/lib/thumb/v7e-m+fp/hard\libc_nano.a(lib_a-exit.o)
                              c:/users/4mzr2/onedrive/pulpit/uczelnia/stm32/stm32cubeide_1.10.1/stm32cubeide/plugins/com.st.stm32cube.ide.mcu.externaltools.gnu-tools-for-stm32.10.3-2021.10.win32_1.0.0.202111181127/tools/bin/../lib/gcc/arm-none-eabi/10.3.1/../../../../arm-none-eabi/lib/thumb/v7e-m+fp/hard/crt0.o (exit)
c:/users/4mzr2/onedrive/pulpit/uczelnia/stm32/stm32cubeide_1.10.1/stm32cubeide/plugins/com.st.stm32cube.ide.mcu.externaltools.gnu-tools-for-stm32.10.3-2021.10.win32_1.0.0.202111181127/tools/bin/../lib/gcc/arm-none-eabi/10.3.1/../../../../arm-none-eabi/lib/thumb/v7e-m+fp/hard\libc_nano.a(lib_a-impure.o)
                              c:/users/4mzr2/onedrive/pulpit/uczelnia/stm32/stm32cubeide_1.10.1/stm32cubeide/plugins/com.st.stm32cube.ide.mcu.externaltools.gnu-tools-for-stm32.10.3-2021.10.win32_1.0.0.202111181127/tools/bin/../lib/gcc/arm-none-eabi/10.3.1/../../../../arm-none-eabi/lib/thumb/v7e-m+fp/hard\libc_nano.a(lib_a-exit.o) (_global_impure_ptr)
c:/users/4mzr2/onedrive/pulpit/uczelnia/stm32/stm32cubeide_1.10.1/stm32cubeide/plugins/com.st.stm32cube.ide.mcu.externaltools.gnu-tools-for-stm32.10.3-2021.10.win32_1.0.0.202111181127/tools/bin/../lib/gcc/arm-none-eabi/10.3.1/../../../../arm-none-eabi/lib/thumb/v7e-m+fp/hard\libc_nano.a(lib_a-init.o)
                              c:/users/4mzr2/onedrive/pulpit/uczelnia/stm32/stm32cubeide_1.10.1/stm32cubeide/plugins/com.st.stm32cube.ide.mcu.externaltools.gnu-tools-for-stm32.10.3-2021.10.win32_1.0.0.202111181127/tools/bin/../lib/gcc/arm-none-eabi/10.3.1/../../../../arm-none-eabi/lib/thumb/v7e-m+fp/hard/crt0.o (__libc_init_array)
c:/users/4mzr2/onedrive/pulpit/uczelnia/stm32/stm32cubeide_1.10.1/stm32cubeide/plugins/com.st.stm32cube.ide.mcu.externaltools.gnu-tools-for-stm32.10.3-2021.10.win32_1.0.0.202111181127/tools/bin/../lib/gcc/arm-none-eabi/10.3.1/../../../../arm-none-eabi/lib/thumb/v7e-m+fp/hard\libc_nano.a(lib_a-memset.o)
                              c:/users/4mzr2/onedrive/pulpit/uczelnia/stm32/stm32cubeide_1.10.1/stm32cubeide/plugins/com.st.stm32cube.ide.mcu.externaltools.gnu-tools-for-stm32.10.3-2021.10.win32_1.0.0.202111181127/tools/bin/../lib/gcc/arm-none-eabi/10.3.1/../../../../arm-none-eabi/lib/thumb/v7e-m+fp/hard/crt0.o (memset)
c:/users/4mzr2/onedrive/pulpit/uczelnia/stm32/stm32cubeide_1.10.1/stm32cubeide/plugins/com.st.stm32cube.ide.mcu.externaltools.gnu-tools-for-stm32.10.3-2021.10.win32_1.0.0.202111181127/tools/bin/../lib/gcc/arm-none-eabi/10.3.1/thumb/v7e-m+fp/hard\libgcc.a(_aeabi_uldivmod.o)
                              ./Drivers/STM32L4xx_HAL_Driver/Src/stm32l4xx_hal_uart.o (__aeabi_uldivmod)
c:/users/4mzr2/onedrive/pulpit/uczelnia/stm32/stm32cubeide_1.10.1/stm32cubeide/plugins/com.st.stm32cube.ide.mcu.externaltools.gnu-tools-for-stm32.10.3-2021.10.win32_1.0.0.202111181127/tools/bin/../lib/gcc/arm-none-eabi/10.3.1/thumb/v7e-m+fp/hard\libgcc.a(_udivmoddi4.o)
                              c:/users/4mzr2/onedrive/pulpit/uczelnia/stm32/stm32cubeide_1.10.1/stm32cubeide/plugins/com.st.stm32cube.ide.mcu.externaltools.gnu-tools-for-stm32.10.3-2021.10.win32_1.0.0.202111181127/tools/bin/../lib/gcc/arm-none-eabi/10.3.1/thumb/v7e-m+fp/hard\libgcc.a(_aeabi_uldivmod.o) (__udivmoddi4)
c:/users/4mzr2/onedrive/pulpit/uczelnia/stm32/stm32cubeide_1.10.1/stm32cubeide/plugins/com.st.stm32cube.ide.mcu.externaltools.gnu-tools-for-stm32.10.3-2021.10.win32_1.0.0.202111181127/tools/bin/../lib/gcc/arm-none-eabi/10.3.1/thumb/v7e-m+fp/hard\libgcc.a(_dvmd_tls.o)
                              c:/users/4mzr2/onedrive/pulpit/uczelnia/stm32/stm32cubeide_1.10.1/stm32cubeide/plugins/com.st.stm32cube.ide.mcu.externaltools.gnu-tools-for-stm32.10.3-2021.10.win32_1.0.0.202111181127/tools/bin/../lib/gcc/arm-none-eabi/10.3.1/thumb/v7e-m+fp/hard\libgcc.a(_aeabi_uldivmod.o) (__aeabi_ldiv0)

Discarded input sections

 .text          0x0000000000000000        0x0 c:/users/4mzr2/onedrive/pulpit/uczelnia/stm32/stm32cubeide_1.10.1/stm32cubeide/plugins/com.st.stm32cube.ide.mcu.externaltools.gnu-tools-for-stm32.10.3-2021.10.win32_1.0.0.202111181127/tools/bin/../lib/gcc/arm-none-eabi/10.3.1/thumb/v7e-m+fp/hard/crti.o
[...]
Memory Configuration

Name             Origin             Length             Attributes
RAM              0x0000000020000000 0x0000000000010000 xrw
RAM2             0x0000000010000000 0x0000000000004000 xrw
FLASH            0x0000000008000000 0x0000000000040000 xr
*default*        0x0000000000000000 0xffffffffffffffff

Linker script and memory map

LOAD c:/users/4mzr2/onedrive/pulpit/uczelnia/stm32/stm32cubeide_1.10.1/stm32cubeide/plugins/com.st.stm32cube.ide.mcu.externaltools.gnu-tools-for-stm32.10.3-2021.10.win32_1.0.0.202111181127/tools/bin/../lib/gcc/arm-none-eabi/10.3.1/thumb/v7e-m+fp/hard/crti.o
LOAD c:/users/4mzr2/onedrive/pulpit/uczelnia/stm32/stm32cubeide_1.10.1/stm32cubeide/plugins/com.st.stm32cube.ide.mcu.externaltools.gnu-tools-for-stm32.10.3-2021.10.win32_1.0.0.202111181127/tools/bin/../lib/gcc/arm-none-eabi/10.3.1/thumb/v7e-m+fp/hard/crtbegin.o
LOAD c:/users/4mzr2/onedrive/pulpit/uczelnia/stm32/stm32cubeide_1.10.1/stm32cubeide/plugins/com.st.stm32cube.ide.mcu.externaltools.gnu-tools-for-stm32.10.3-2021.10.win32_1.0.0.202111181127/tools/bin/../lib/gcc/arm-none-eabi/10.3.1/../../../../arm-none-eabi/lib/thumb/v7e-m+fp/hard/crt0.o
LOAD ./Core/Src/MKS42Dcommands.o
LOAD ./Core/Src/gpio.o
LOAD ./Core/Src/main.o
LOAD ./Core/Src/stm32l4xx_hal_msp.o
LOAD ./Core/Src/stm32l4xx_it.o
LOAD ./Core/Src/syscalls.o
LOAD ./Core/Src/sysmem.o
LOAD ./Core/Src/system_stm32l4xx.o
LOAD ./Core/Src/usart.o
LOAD ./Core/Startup/startup_stm32l432kcux.o
LOAD ./Drivers/STM32L4xx_HAL_Driver/Src/stm32l4xx_hal.o
LOAD ./Drivers/STM32L4xx_HAL_Driver/Src/stm32l4xx_hal_cortex.o
LOAD ./Drivers/STM32L4xx_HAL_Driver/Src/stm32l4xx_hal_dma.o
LOAD ./Drivers/STM32L4xx_HAL_Driver/Src/stm32l4xx_hal_dma_ex.o
LOAD ./Drivers/STM32L4xx_HAL_Driver/Src/stm32l4xx_hal_exti.o
LOAD ./Drivers/STM32L4xx_HAL_Driver/Src/stm32l4xx_hal_flash.o
LOAD ./Drivers/STM32L4xx_HAL_Driver/Src/stm32l4xx_hal_flash_ex.o
LOAD ./Drivers/STM32L4xx_HAL_Driver/Src/stm32l4xx_hal_flash_ramfunc.o
LOAD ./Drivers/STM32L4xx_HAL_Driver/Src/stm32l4xx_hal_gpio.o
LOAD ./Drivers/STM32L4xx_HAL_Driver/Src/stm32l4xx_hal_i2c.o
LOAD ./Drivers/STM32L4xx_HAL_Driver/Src/stm32l4xx_hal_i2c_ex.o
LOAD ./Drivers/STM32L4xx_HAL_Driver/Src/stm32l4xx_hal_pwr.o
LOAD ./Drivers/STM32L4xx_HAL_Driver/Src/stm32l4xx_hal_pwr_ex.o
LOAD ./Drivers/STM32L4xx_HAL_Driver/Src/stm32l4xx_hal_rcc.o
LOAD ./Drivers/STM32L4xx_HAL_Driver/Src/stm32l4xx_hal_rcc_ex.o
LOAD ./Drivers/STM32L4xx_HAL_Driver/Src/stm32l4xx_hal_uart.o
LOAD ./Drivers/STM32L4xx_HAL_Driver/Src/stm32l4xx_hal_uart_ex.o
START GROUP
LOAD c:/users/4mzr2/onedrive/pulpit/uczelnia/stm32/stm32cubeide_1.10.1/stm32cubeide/plugins/com.st.stm32cube.ide.mcu.externaltools.gnu-tools-for-stm32.10.3-2021.10.win32_1.0.0.202111181127/tools/bin/../lib/gcc/arm-none-eabi/10.3.1/../../../../arm-none-eabi/lib/thumb/v7e-m+fp/hard\libc_nano.a
LOAD c:/users/4mzr2/onedrive/pulpit/uczelnia/stm32/stm32cubeide_1.10.1/stm32cubeide/plugins/com.st.stm32cube.ide.mcu.externaltools.gnu-tools-for-stm32.10.3-2021.10.win32_1.0.0.202111181127/tools/bin/../lib/gcc/arm-none-eabi/10.3.1/../../../../arm-none-eabi/lib/thumb/v7e-m+fp/hard\libm.a
END GROUP
START GROUP
LOAD c:/users/4mzr2/onedrive/pulpit/uczelnia/stm32/stm32cubeide_1.10.1/stm32cubeide/plugins/com.st.stm32cube.ide.mcu.externaltools.gnu-tools-for-stm32.10.3-2021.10.win32_1.0.0.202111181127/tools/bin/../lib/gcc/arm-none-eabi/10.3.1/thumb/v7e-m+fp/hard\libgcc.a
LOAD c:/users/4mzr2/onedrive/pulpit/uczelnia/stm32/stm32cubeide_1.10.1/stm32cubeide/plugins/com.st.stm32cube.ide.mcu.externaltools.gnu-tools-for-stm32.10.3-2021.10.win32_1.0.0.202111181127/tools/bin/../lib/gcc/arm-none-eabi/10.3.1/../../../../arm-none-eabi/lib/thumb/v7e-m+fp/hard\libc_nano.a
END GROUP
START GROUP
LOAD c:/users/4mzr2/onedrive/pulpit/uczelnia/stm32/stm32cubeide_1.10.1/stm32cubeide/plugins/com.st.stm32cube.ide.mcu.externaltools.gnu-tools-for-stm32.10.3-2021.10.win32_1.0.0.202111181127/tools/bin/../lib/gcc/arm-none-eabi/10.3.1/thumb/v7e-m+fp/hard\libgcc.a
LOAD c:/users/4mzr2/onedrive/pulpit/uczelnia/stm32/stm32cubeide_1.10.1/stm32cubeide/plugins/com.st.stm32cube.ide.mcu.externaltools.gnu-tools-for-stm32.10.3-2021.10.win32_1.0.0.202111181127/tools/bin/../lib/gcc/arm-none-eabi/10.3.1/../../../../arm-none-eabi/lib/thumb/v7e-m+fp/hard\libc_nano.a
LOAD c:/users/4mzr2/onedrive/pulpit/uczelnia/stm32/stm32cubeide_1.10.1/stm32cubeide/plugins/com.st.stm32cube.ide.mcu.externaltools.gnu-tools-for-stm32.10.3-2021.10.win32_1.0.0.202111181127/tools/bin/../lib/gcc/arm-none-eabi/10.3.1/../../../../arm-none-eabi/lib/thumb/v7e-m+fp/hard\libnosys.a
END GROUP
START GROUP
LOAD c:/users/4mzr2/onedrive/pulpit/uczelnia/stm32/stm32cubeide_1.10.1/stm32cubeide/plugins/com.st.stm32cube.ide.mcu.externaltools.gnu-tools-for-stm32.10.3-2021.10.win32_1.0.0.202111181127/tools/bin/../lib/gcc/arm-none-eabi/10.3.1/thumb/v7e-m+fp/hard\libgcc.a
LOAD c:/users/4mzr2/onedrive/pulpit/uczelnia/stm32/stm32cubeide_1.10.1/stm32cubeide/plugins/com.st.stm32cube.ide.mcu.externaltools.gnu-tools-for-stm32.10.3-2021.10.win32_1.0.0.202111181127/tools/bin/../lib/gcc/arm-none-eabi/10.3.1/../../../../arm-none-eabi/lib/thumb/v7e-m+fp/hard\libc_nano.a
LOAD c:/users/4mzr2/onedrive/pulpit/uczelnia/stm32/stm32cubeide_1.10.1/stm32cubeide/plugins/com.st.stm32cube.ide.mcu.externaltools.gnu-tools-for-stm32.10.3-2021.10.win32_1.0.0.202111181127/tools/bin/../lib/gcc/arm-none-eabi/10.3.1/../../../../arm-none-eabi/lib/thumb/v7e-m+fp/hard\libnosys.a
END GROUP
LOAD c:/users/4mzr2/onedrive/pulpit/uczelnia/stm32/stm32cubeide_1.10.1/stm32cubeide/plugins/com.st.stm32cube.ide.mcu.externaltools.gnu-tools-for-stm32.10.3-2021.10.win32_1.0.0.202111181127/tools/bin/../lib/gcc/arm-none-eabi/10.3.1/thumb/v7e-m+fp/hard/crtend.o
LOAD c:/users/4mzr2/onedrive/pulpit/uczelnia/stm32/stm32cubeide_1.10.1/stm32cubeide/plugins/com.st.stm32cube.ide.mcu.externaltools.gnu-tools-for-stm32.10.3-2021.10.win32_1.0.0.202111181127/tools/bin/../lib/gcc/arm-none-eabi/10.3.1/thumb/v7e-m+fp/hard/crtn.o
                0x0000000020010000                _estack = (ORIGIN (RAM) + LENGTH (RAM))
                0x0000000000000200                _Min_Heap_Size = 0x200
                0x0000000000000400                _Min_Stack_Size = 0x400

.isr_vector     0x0000000008000000      0x18c
                0x0000000008000000                . = ALIGN (0x4)
 *(.isr_vector)
 .isr_vector    0x0000000008000000      0x18c ./Core/Startup/startup_stm32l432kcux.o
                0x0000000008000000                g_pfnVectors
                0x000000000800018c                . = ALIGN (0x4)

.text           0x000000000800018c     0x3c70
                0x000000000800018c                . = ALIGN (0x4)
 *(.text)
 .text          0x000000000800018c       0x40 c:/users/4mzr2/onedrive/pulpit/uczelnia/stm32/stm32cubeide_1.10.1/stm32cubeide/plugins/com.st.stm32cube.ide.mcu.externaltools.gnu-tools-for-stm32.10.3-2021.10.win32_1.0.0.202111181127/tools/bin/../lib/gcc/arm-none-eabi/10.3.1/thumb/v7e-m+fp/hard/crtbegin.o
 .text          0x00000000080001cc       0x30 c:/users/4mzr2/onedrive/pulpit/uczelnia/stm32/stm32cubeide_1.10.1/stm32cubeide/plugins/com.st.stm32cube.ide.mcu.externaltools.gnu-tools-for-stm32.10.3-2021.10.win32_1.0.0.202111181127/tools/bin/../lib/gcc/arm-none-eabi/10.3.1/thumb/v7e-m+fp/hard\libgcc.a(_aeabi_uldivmod.o)
                0x00000000080001cc                __aeabi_uldivmod
 .text          0x00000000080001fc      0x2d0 c:/users/4mzr2/onedrive/pulpit/uczelnia/stm32/stm32cubeide_1.10.1/stm32cubeide/plugins/com.st.stm32cube.ide.mcu.externaltools.gnu-tools-for-stm32.10.3-2021.10.win32_1.0.0.202111181127/tools/bin/../lib/gcc/arm-none-eabi/10.3.1/thumb/v7e-m+fp/hard\libgcc.a(_udivmoddi4.o)
                0x00000000080001fc                __udivmoddi4
 .text          0x00000000080004cc        0x4 c:/users/4mzr2/onedrive/pulpit/uczelnia/stm32/stm32cubeide_1.10.1/stm32cubeide/plugins/com.st.stm32cube.ide.mcu.externaltools.gnu-tools-for-stm32.10.3-2021.10.win32_1.0.0.202111181127/tools/bin/../lib/gcc/arm-none-eabi/10.3.1/thumb/v7e-m+fp/hard\libgcc.a(_dvmd_tls.o)
                0x00000000080004cc                __aeabi_idiv0
                0x00000000080004cc                __aeabi_ldiv0
 *(.text*)
 .text.HAL_UART_RxCpltCallback
                0x00000000080004d0       0x84 ./Core/Src/MKS42Dcommands.o
                0x00000000080004d0                HAL_UART_RxCpltCallback
 .text.CRC_calc
                0x0000000008000554       0x44 ./Core/Src/MKS42Dcommands.o
                0x0000000008000554                CRC_calc
 .text.MKS_init
                0x0000000008000598       0x48 ./Core/Src/MKS42Dcommands.o
                0x0000000008000598                MKS_init
 .text.MKS_read_param
                0x00000000080005e0       0x68 ./Core/Src/MKS42Dcommands.o
                0x00000000080005e0                MKS_read_param
 .text.MKS_set_param
                0x0000000008000648       0x70 ./Core/Src/MKS42Dcommands.o
                0x0000000008000648                MKS_set_param
 .text.MKS_set_rotation_speed
                0x00000000080006b8       0x88 ./Core/Src/MKS42Dcommands.o
                0x00000000080006b8                MKS_set_rotation_speed
 .text.MKS_stop
                0x0000000008000740       0x58 ./Core/Src/MKS42Dcommands.o
                0x0000000008000740                MKS_stop
 .text.MX_GPIO_Init
                0x0000000008000798       0x30 ./Core/Src/gpio.o
                0x0000000008000798                MX_GPIO_Init
 .text.main     0x00000000080007c8      0x198 ./Core/Src/main.o
                0x00000000080007c8                main
 .text.SystemClock_Config
                0x0000000008000960       0xa4 ./Core/Src/main.o
                0x0000000008000960                SystemClock_Config
 .text.Error_Handler
                0x0000000008000a04        0xa ./Core/Src/main.o
                0x0000000008000a04                Error_Handler
 *fill*         0x0000000008000a0e        0x2 
 .text.HAL_MspInit
                0x0000000008000a10       0x48 ./Core/Src/stm32l4xx_hal_msp.o
                0x0000000008000a10                HAL_MspInit
 .text.NMI_Handler
                0x0000000008000a58        0x6 ./Core/Src/stm32l4xx_it.o
                0x0000000008000a58                NMI_Handler
 .text.HardFault_Handler
                0x0000000008000a5e        0x6 ./Core/Src/stm32l4xx_it.o
                0x0000000008000a5e                HardFault_Handler
 .text.MemManage_Handler
                0x0000000008000a64        0x6 ./Core/Src/stm32l4xx_it.o
                0x0000000008000a64                MemManage_Handler
 .text.BusFault_Handler
                0x0000000008000a6a        0x6 ./Core/Src/stm32l4xx_it.o
                0x0000000008000a6a                BusFault_Handler
 .text.UsageFault_Handler
                0x0000000008000a70        0x6 ./Core/Src/stm32l4xx_it.o
                0x0000000008000a70                UsageFault_Handler
 .text.SVC_Handler
                0x0000000008000a76        0xe ./Core/Src/stm32l4xx_it.o
                0x0000000008000a76                SVC_Handler
 .text.DebugMon_Handler
                0x0000000008000a84        0xe ./Core/Src/stm32l4xx_it.o
                0x0000000008000a84                DebugMon_Handler
 .text.PendSV_Handler
                0x0000000008000a92        0xe ./Core/Src/stm32l4xx_it.o
                0x0000000008000a92                PendSV_Handler
 .text.SysTick_Handler
                0x0000000008000aa0        0xc ./Core/Src/stm32l4xx_it.o
                0x0000000008000aa0                SysTick_Handler
 .text.USART1_IRQHandler
                0x0000000008000aac       0x14 ./Core/Src/stm32l4xx_it.o
                0x0000000008000aac                USART1_IRQHandler
 .text.SystemInit
                0x0000000008000ac0       0x24 ./Core/Src/system_stm32l4xx.o
                0x0000000008000ac0                SystemInit
 .text.MX_USART1_UART_Init
                0x0000000008000ae4       0x60 ./Core/Src/usart.o
                0x0000000008000ae4                MX_USART1_UART_Init
 .text.HAL_UART_MspInit
                0x0000000008000b44       0xc0 ./Core/Src/usart.o
                0x0000000008000b44                HAL_UART_MspInit
 .text.Reset_Handler
                0x0000000008000c04       0x50 ./Core/Startup/startup_stm32l432kcux.o
                0x0000000008000c04                Reset_Handler
 .text.Default_Handler
                0x0000000008000c54        0x2 ./Core/Startup/startup_stm32l432kcux.o
                0x0000000008000c54                RTC_Alarm_IRQHandler
                0x0000000008000c54                EXTI2_IRQHandler
                0x0000000008000c54                TIM1_CC_IRQHandler
                0x0000000008000c54                TSC_IRQHandler
                0x0000000008000c54                TAMP_STAMP_IRQHandler
                0x0000000008000c54                EXTI3_IRQHandler
                0x0000000008000c54                LPTIM2_IRQHandler
                0x0000000008000c54                I2C3_ER_IRQHandler
                0x0000000008000c54                EXTI0_IRQHandler
                0x0000000008000c54                CAN1_RX0_IRQHandler
                0x0000000008000c54                FPU_IRQHandler
                0x0000000008000c54                TIM1_UP_TIM16_IRQHandler
                0x0000000008000c54                SPI1_IRQHandler
                0x0000000008000c54                TIM6_DAC_IRQHandler
                0x0000000008000c54                DMA2_Channel2_IRQHandler
                0x0000000008000c54                DMA1_Channel4_IRQHandler
                0x0000000008000c54                ADC1_IRQHandler
                0x0000000008000c54                DMA1_Channel7_IRQHandler
                0x0000000008000c54                CAN1_RX1_IRQHandler
                0x0000000008000c54                DMA2_Channel1_IRQHandler
                0x0000000008000c54                QUADSPI_IRQHandler
                0x0000000008000c54                I2C1_EV_IRQHandler
                0x0000000008000c54                DMA1_Channel6_IRQHandler
                0x0000000008000c54                DMA2_Channel4_IRQHandler
                0x0000000008000c54                RCC_IRQHandler
                0x0000000008000c54                TIM1_TRG_COM_IRQHandler
                0x0000000008000c54                DMA1_Channel1_IRQHandler
                0x0000000008000c54                Default_Handler
                0x0000000008000c54                DMA2_Channel7_IRQHandler
                0x0000000008000c54                EXTI15_10_IRQHandler
                0x0000000008000c54                TIM7_IRQHandler
                0x0000000008000c54                I2C3_EV_IRQHandler
                0x0000000008000c54                USB_IRQHandler
                0x0000000008000c54                EXTI9_5_IRQHandler
                0x0000000008000c54                RTC_WKUP_IRQHandler
                0x0000000008000c54                PVD_PVM_IRQHandler
                0x0000000008000c54                CAN1_TX_IRQHandler
                0x0000000008000c54                DMA2_Channel5_IRQHandler
                0x0000000008000c54                CRS_IRQHandler
                0x0000000008000c54                DMA1_Channel5_IRQHandler
                0x0000000008000c54                EXTI4_IRQHandler
                0x0000000008000c54                RNG_IRQHandler
                0x0000000008000c54                DMA1_Channel3_IRQHandler
                0x0000000008000c54                COMP_IRQHandler
                0x0000000008000c54                WWDG_IRQHandler
                0x0000000008000c54                LPUART1_IRQHandler
                0x0000000008000c54                DMA2_Channel6_IRQHandler
                0x0000000008000c54                TIM2_IRQHandler
                0x0000000008000c54                EXTI1_IRQHandler
                0x0000000008000c54                USART2_IRQHandler
                0x0000000008000c54                DMA1_Channel2_IRQHandler
                0x0000000008000c54                CAN1_SCE_IRQHandler
                0x0000000008000c54                FLASH_IRQHandler
                0x0000000008000c54                SPI3_IRQHandler
                0x0000000008000c54                I2C1_ER_IRQHandler
                0x0000000008000c54                SWPMI1_IRQHandler
                0x0000000008000c54                LPTIM1_IRQHandler
                0x0000000008000c54                SAI1_IRQHandler
                0x0000000008000c54                DMA2_Channel3_IRQHandler
                0x0000000008000c54                TIM1_BRK_TIM15_IRQHandler
 .text.HAL_Init
                0x0000000008000c56       0x30 ./Drivers/STM32L4xx_HAL_Driver/Src/stm32l4xx_hal.o
                0x0000000008000c56                HAL_Init
 *fill*         0x0000000008000c86        0x2 
 .text.HAL_InitTick
                0x0000000008000c88       0x78 ./Drivers/STM32L4xx_HAL_Driver/Src/stm32l4xx_hal.o
                0x0000000008000c88                HAL_InitTick
 .text.HAL_IncTick
                0x0000000008000d00       0x28 ./Drivers/STM32L4xx_HAL_Driver/Src/stm32l4xx_hal.o
                0x0000000008000d00                HAL_IncTick
 .text.HAL_GetTick
                0x0000000008000d28       0x18 ./Drivers/STM32L4xx_HAL_Driver/Src/stm32l4xx_hal.o
                0x0000000008000d28                HAL_GetTick
 .text.HAL_Delay
                0x0000000008000d40       0x48 ./Drivers/STM32L4xx_HAL_Driver/Src/stm32l4xx_hal.o
                0x0000000008000d40                HAL_Delay
 .text.__NVIC_SetPriorityGrouping
                0x0000000008000d88       0x48 ./Drivers/STM32L4xx_HAL_Driver/Src/stm32l4xx_hal_cortex.o
 .text.__NVIC_GetPriorityGrouping
                0x0000000008000dd0       0x1c ./Drivers/STM32L4xx_HAL_Driver/Src/stm32l4xx_hal_cortex.o
 .text.__NVIC_EnableIRQ
                0x0000000008000dec       0x3c ./Drivers/STM32L4xx_HAL_Driver/Src/stm32l4xx_hal_cortex.o
 .text.__NVIC_SetPriority
                0x0000000008000e28       0x54 ./Drivers/STM32L4xx_HAL_Driver/Src/stm32l4xx_hal_cortex.o
 .text.NVIC_EncodePriority
                0x0000000008000e7c       0x66 ./Drivers/STM32L4xx_HAL_Driver/Src/stm32l4xx_hal_cortex.o
 *fill*         0x0000000008000ee2        0x2 
 .text.SysTick_Config
                0x0000000008000ee4       0x44 ./Drivers/STM32L4xx_HAL_Driver/Src/stm32l4xx_hal_cortex.o
 .text.HAL_NVIC_SetPriorityGrouping
                0x0000000008000f28       0x16 ./Drivers/STM32L4xx_HAL_Driver/Src/stm32l4xx_hal_cortex.o
                0x0000000008000f28                HAL_NVIC_SetPriorityGrouping
 .text.HAL_NVIC_SetPriority
                0x0000000008000f3e       0x38 ./Drivers/STM32L4xx_HAL_Driver/Src/stm32l4xx_hal_cortex.o
                0x0000000008000f3e                HAL_NVIC_SetPriority
 .text.HAL_NVIC_EnableIRQ
                0x0000000008000f76       0x1c ./Drivers/STM32L4xx_HAL_Driver/Src/stm32l4xx_hal_cortex.o
                0x0000000008000f76                HAL_NVIC_EnableIRQ
 .text.HAL_SYSTICK_Config
                0x0000000008000f92       0x18 ./Drivers/STM32L4xx_HAL_Driver/Src/stm32l4xx_hal_cortex.o
                0x0000000008000f92                HAL_SYSTICK_Config
 .text.HAL_DMA_Abort
                0x0000000008000faa       0x7c ./Drivers/STM32L4xx_HAL_Driver/Src/stm32l4xx_hal_dma.o
                0x0000000008000faa                HAL_DMA_Abort
 .text.HAL_DMA_Abort_IT
                0x0000000008001026       0x82 ./Drivers/STM32L4xx_HAL_Driver/Src/stm32l4xx_hal_dma.o
                0x0000000008001026                HAL_DMA_Abort_IT
 .text.HAL_GPIO_Init
                0x00000000080010a8      0x2d4 ./Drivers/STM32L4xx_HAL_Driver/Src/stm32l4xx_hal_gpio.o
                0x00000000080010a8                HAL_GPIO_Init
 .text.HAL_PWREx_GetVoltageRange
                0x000000000800137c       0x1c ./Drivers/STM32L4xx_HAL_Driver/Src/stm32l4xx_hal_pwr_ex.o
                0x000000000800137c                HAL_PWREx_GetVoltageRange
 .text.HAL_PWREx_ControlVoltageScaling
                0x0000000008001398       0xac ./Drivers/STM32L4xx_HAL_Driver/Src/stm32l4xx_hal_pwr_ex.o
                0x0000000008001398                HAL_PWREx_ControlVoltageScaling
 .text.HAL_RCC_OscConfig
                0x0000000008001444      0x828 ./Drivers/STM32L4xx_HAL_Driver/Src/stm32l4xx_hal_rcc.o
                0x0000000008001444                HAL_RCC_OscConfig
 .text.HAL_RCC_ClockConfig
                0x0000000008001c6c      0x200 ./Drivers/STM32L4xx_HAL_Driver/Src/stm32l4xx_hal_rcc.o
                0x0000000008001c6c                HAL_RCC_ClockConfig
 .text.HAL_RCC_GetSysClockFreq
                0x0000000008001e6c      0x118 ./Drivers/STM32L4xx_HAL_Driver/Src/stm32l4xx_hal_rcc.o
                0x0000000008001e6c                HAL_RCC_GetSysClockFreq
 .text.HAL_RCC_GetHCLKFreq
                0x0000000008001f84       0x18 ./Drivers/STM32L4xx_HAL_Driver/Src/stm32l4xx_hal_rcc.o
                0x0000000008001f84                HAL_RCC_GetHCLKFreq
 .text.HAL_RCC_GetPCLK1Freq
                0x0000000008001f9c       0x2c ./Drivers/STM32L4xx_HAL_Driver/Src/stm32l4xx_hal_rcc.o
                0x0000000008001f9c                HAL_RCC_GetPCLK1Freq
 .text.HAL_RCC_GetPCLK2Freq
                0x0000000008001fc8       0x2c ./Drivers/STM32L4xx_HAL_Driver/Src/stm32l4xx_hal_rcc.o
                0x0000000008001fc8                HAL_RCC_GetPCLK2Freq
 .text.RCC_SetFlashLatencyFromMSIRange
                0x0000000008001ff4       0xc0 ./Drivers/STM32L4xx_HAL_Driver/Src/stm32l4xx_hal_rcc.o
 .text.HAL_RCCEx_PeriphCLKConfig
                0x00000000080020b4      0x3ec ./Drivers/STM32L4xx_HAL_Driver/Src/stm32l4xx_hal_rcc_ex.o
                0x00000000080020b4                HAL_RCCEx_PeriphCLKConfig
 .text.RCCEx_PLLSAI1_Config
                0x00000000080024a0      0x1e4 ./Drivers/STM32L4xx_HAL_Driver/Src/stm32l4xx_hal_rcc_ex.o
 .text.HAL_UART_Init
                0x0000000008002684       0x9c ./Drivers/STM32L4xx_HAL_Driver/Src/stm32l4xx_hal_uart.o
                0x0000000008002684                HAL_UART_Init
 .text.HAL_UART_Transmit_IT
                0x0000000008002720       0xdc ./Drivers/STM32L4xx_HAL_Driver/Src/stm32l4xx_hal_uart.o
                0x0000000008002720                HAL_UART_Transmit_IT
 .text.HAL_UART_Receive_IT
                0x00000000080027fc       0xac ./Drivers/STM32L4xx_HAL_Driver/Src/stm32l4xx_hal_uart.o
                0x00000000080027fc                HAL_UART_Receive_IT
 .text.HAL_UART_IRQHandler
                0x00000000080028a8      0x5c4 ./Drivers/STM32L4xx_HAL_Driver/Src/stm32l4xx_hal_uart.o
                0x00000000080028a8                HAL_UART_IRQHandler
 .text.HAL_UART_TxCpltCallback
                0x0000000008002e6c       0x14 ./Drivers/STM32L4xx_HAL_Driver/Src/stm32l4xx_hal_uart.o
                0x0000000008002e6c                HAL_UART_TxCpltCallback
 .text.HAL_UART_ErrorCallback
                0x0000000008002e80       0x14 ./Drivers/STM32L4xx_HAL_Driver/Src/stm32l4xx_hal_uart.o
                0x0000000008002e80                HAL_UART_ErrorCallback
 .text.HAL_UARTEx_RxEventCallback
                0x0000000008002e94       0x18 ./Drivers/STM32L4xx_HAL_Driver/Src/stm32l4xx_hal_uart.o
                0x0000000008002e94                HAL_UARTEx_RxEventCallback
 .text.UART_SetConfig
                0x0000000008002eac      0x458 ./Drivers/STM32L4xx_HAL_Driver/Src/stm32l4xx_hal_uart.o
                0x0000000008002eac                UART_SetConfig
 .text.UART_AdvFeatureConfig
                0x0000000008003304      0x144 ./Drivers/STM32L4xx_HAL_Driver/Src/stm32l4xx_hal_uart.o
                0x0000000008003304                UART_AdvFeatureConfig
 .text.UART_CheckIdleState
                0x0000000008003448       0x92 ./Drivers/STM32L4xx_HAL_Driver/Src/stm32l4xx_hal_uart.o
                0x0000000008003448                UART_CheckIdleState
 .text.UART_WaitOnFlagUntilTimeout
                0x00000000080034da      0x188 ./Drivers/STM32L4xx_HAL_Driver/Src/stm32l4xx_hal_uart.o
                0x00000000080034da                UART_WaitOnFlagUntilTimeout
 *fill*         0x0000000008003662        0x2 
 .text.UART_Start_Receive_IT
                0x0000000008003664      0x194 ./Drivers/STM32L4xx_HAL_Driver/Src/stm32l4xx_hal_uart.o
                0x0000000008003664                UART_Start_Receive_IT
 .text.UART_EndRxTransfer
                0x00000000080037f8       0xc6 ./Drivers/STM32L4xx_HAL_Driver/Src/stm32l4xx_hal_uart.o
 .text.UART_DMAAbortOnError
                0x00000000080038be       0x2c ./Drivers/STM32L4xx_HAL_Driver/Src/stm32l4xx_hal_uart.o
 .text.UART_TxISR_8BIT
                0x00000000080038ea       0xb8 ./Drivers/STM32L4xx_HAL_Driver/Src/stm32l4xx_hal_uart.o
 .text.UART_TxISR_16BIT
                0x00000000080039a2       0xc0 ./Drivers/STM32L4xx_HAL_Driver/Src/stm32l4xx_hal_uart.o
 .text.UART_EndTransmit_IT
                0x0000000008003a62       0x54 ./Drivers/STM32L4xx_HAL_Driver/Src/stm32l4xx_hal_uart.o
 .text.UART_RxISR_8BIT
                0x0000000008003ab6      0x160 ./Drivers/STM32L4xx_HAL_Driver/Src/stm32l4xx_hal_uart.o
 .text.UART_RxISR_16BIT
                0x0000000008003c16      0x160 ./Drivers/STM32L4xx_HAL_Driver/Src/stm32l4xx_hal_uart.o
 .text.HAL_UARTEx_WakeupCallback
                0x0000000008003d76       0x14 ./Drivers/STM32L4xx_HAL_Driver/Src/stm32l4xx_hal_uart_ex.o
                0x0000000008003d76                HAL_UARTEx_WakeupCallback
 *fill*         0x0000000008003d8a        0x2 
 .text.__libc_init_array
                0x0000000008003d8c       0x48 c:/users/4mzr2/onedrive/pulpit/uczelnia/stm32/stm32cubeide_1.10.1/stm32cubeide/plugins/com.st.stm32cube.ide.mcu.externaltools.gnu-tools-for-stm32.10.3-2021.10.win32_1.0.0.202111181127/tools/bin/../lib/gcc/arm-none-eabi/10.3.1/../../../../arm-none-eabi/lib/thumb/v7e-m+fp/hard\libc_nano.a(lib_a-init.o)
                0x0000000008003d8c                __libc_init_array
 .text.memset   0x0000000008003dd4       0x10 c:/users/4mzr2/onedrive/pulpit/uczelnia/stm32/stm32cubeide_1.10.1/stm32cubeide/plugins/com.st.stm32cube.ide.mcu.externaltools.gnu-tools-for-stm32.10.3-2021.10.win32_1.0.0.202111181127/tools/bin/../lib/gcc/arm-none-eabi/10.3.1/../../../../arm-none-eabi/lib/thumb/v7e-m+fp/hard\libc_nano.a(lib_a-memset.o)
                0x0000000008003dd4                memset
 *(.glue_7)
 .glue_7        0x0000000008003de4        0x0 linker stubs
 *(.glue_7t)
 .glue_7t       0x0000000008003de4        0x0 linker stubs
 *(.eh_frame)
 .eh_frame      0x0000000008003de4        0x0 c:/users/4mzr2/onedrive/pulpit/uczelnia/stm32/stm32cubeide_1.10.1/stm32cubeide/plugins/com.st.stm32cube.ide.mcu.externaltools.gnu-tools-for-stm32.10.3-2021.10.win32_1.0.0.202111181127/tools/bin/../lib/gcc/arm-none-eabi/10.3.1/thumb/v7e-m+fp/hard/crtbegin.o
 *(.init)
 .init          0x0000000008003de4        0x4 c:/users/4mzr2/onedrive/pulpit/uczelnia/stm32/stm32cubeide_1.10.1/stm32cubeide/plugins/com.st.stm32cube.ide.mcu.externaltools.gnu-tools-for-stm32.10.3-2021.10.win32_1.0.0.202111181127/tools/bin/../lib/gcc/arm-none-eabi/10.3.1/thumb/v7e-m+fp/hard/crti.o
                0x0000000008003de4                _init
 .init          0x0000000008003de8        0x8 c:/users/4mzr2/onedrive/pulpit/uczelnia/stm32/stm32cubeide_1.10.1/stm32cubeide/plugins/com.st.stm32cube.ide.mcu.externaltools.gnu-tools-for-stm32.10.3-2021.10.win32_1.0.0.202111181127/tools/bin/../lib/gcc/arm-none-eabi/10.3.1/thumb/v7e-m+fp/hard/crtn.o
 *(.fini)
 .fini          0x0000000008003df0        0x4 c:/users/4mzr2/onedrive/pulpit/uczelnia/stm32/stm32cubeide_1.10.1/stm32cubeide/plugins/com.st.stm32cube.ide.mcu.externaltools.gnu-tools-for-stm32.10.3-2021.10.win32_1.0.0.202111181127/tools/bin/../lib/gcc/arm-none-eabi/10.3.1/thumb/v7e-m+fp/hard/crti.o
                0x0000000008003df0                _fini
 .fini          0x0000000008003df4        0x8 c:/users/4mzr2/onedrive/pulpit/uczelnia/stm32/stm32cubeide_1.10.1/stm32cubeide/plugins/com.st.stm32cube.ide.mcu.externaltools.gnu-tools-for-stm32.10.3-2021.10.win32_1.0.0.202111181127/tools/bin/../lib/gcc/arm-none-eabi/10.3.1/thumb/v7e-m+fp/hard/crtn.o
                0x0000000008003dfc                . = ALIGN (0x4)
                0x0000000008003dfc                _etext = .

.vfp11_veneer   0x0000000008003dfc        0x0
 .vfp11_veneer  0x0000000008003dfc        0x0 linker stubs

.v4_bx          0x0000000008003dfc        0x0
 .v4_bx         0x0000000008003dfc        0x0 linker stubs

.iplt           0x0000000008003dfc        0x0
 .iplt          0x0000000008003dfc        0x0 c:/users/4mzr2/onedrive/pulpit/uczelnia/stm32/stm32cubeide_1.10.1/stm32cubeide/plugins/com.st.stm32cube.ide.mcu.externaltools.gnu-tools-for-stm32.10.3-2021.10.win32_1.0.0.202111181127/tools/bin/../lib/gcc/arm-none-eabi/10.3.1/thumb/v7e-m+fp/hard/crtbegin.o

.rodata         0x0000000008003dfc       0x48
                0x0000000008003dfc                . = ALIGN (0x4)
 *(.rodata)
 *(.rodata*)
 .rodata.AHBPrescTable
                0x0000000008003dfc       0x10 ./Core/Src/system_stm32l4xx.o
                0x0000000008003dfc                AHBPrescTable
 .rodata.APBPrescTable
                0x0000000008003e0c        0x8 ./Core/Src/system_stm32l4xx.o
                0x0000000008003e0c                APBPrescTable
 .rodata.MSIRangeTable
                0x0000000008003e14       0x30 ./Core/Src/system_stm32l4xx.o
                0x0000000008003e14                MSIRangeTable
                0x0000000008003e44                . = ALIGN (0x4)

.ARM.extab      0x0000000008003e44        0x0
                0x0000000008003e44                . = ALIGN (0x4)
 *(.ARM.extab* .gnu.linkonce.armextab.*)
                0x0000000008003e44                . = ALIGN (0x4)

.ARM            0x0000000008003e44        0x8
                0x0000000008003e44                . = ALIGN (0x4)
                0x0000000008003e44                __exidx_start = .
 *(.ARM.exidx*)
 .ARM.exidx     0x0000000008003e44        0x8 c:/users/4mzr2/onedrive/pulpit/uczelnia/stm32/stm32cubeide_1.10.1/stm32cubeide/plugins/com.st.stm32cube.ide.mcu.externaltools.gnu-tools-for-stm32.10.3-2021.10.win32_1.0.0.202111181127/tools/bin/../lib/gcc/arm-none-eabi/10.3.1/thumb/v7e-m+fp/hard\libgcc.a(_udivmoddi4.o)
                0x0000000008003e4c                __exidx_end = .
                0x0000000008003e4c                . = ALIGN (0x4)

.rel.dyn        0x0000000008003e4c        0x0
 .rel.iplt      0x0000000008003e4c        0x0 c:/users/4mzr2/onedrive/pulpit/uczelnia/stm32/stm32cubeide_1.10.1/stm32cubeide/plugins/com.st.stm32cube.ide.mcu.externaltools.gnu-tools-for-stm32.10.3-2021.10.win32_1.0.0.202111181127/tools/bin/../lib/gcc/arm-none-eabi/10.3.1/thumb/v7e-m+fp/hard/crtbegin.o

.preinit_array  0x0000000008003e4c        0x0
                0x0000000008003e4c                . = ALIGN (0x4)
                0x0000000008003e4c                PROVIDE (__preinit_array_start = .)
 *(.preinit_array*)
                0x0000000008003e4c                PROVIDE (__preinit_array_end = .)
                0x0000000008003e4c                . = ALIGN (0x4)

.init_array     0x0000000008003e4c        0x4
                0x0000000008003e4c                . = ALIGN (0x4)
                0x0000000008003e4c                PROVIDE (__init_array_start = .)
 *(SORT_BY_NAME(.init_array.*))
 *(.init_array*)
 .init_array    0x0000000008003e4c        0x4 c:/users/4mzr2/onedrive/pulpit/uczelnia/stm32/stm32cubeide_1.10.1/stm32cubeide/plugins/com.st.stm32cube.ide.mcu.externaltools.gnu-tools-for-stm32.10.3-2021.10.win32_1.0.0.202111181127/tools/bin/../lib/gcc/arm-none-eabi/10.3.1/thumb/v7e-m+fp/hard/crtbegin.o
                0x0000000008003e50                PROVIDE (__init_array_end = .)
                0x0000000008003e50                . = ALIGN (0x4)

.fini_array     0x0000000008003e50        0x4
                0x0000000008003e50                . = ALIGN (0x4)
                [!provide]                        PROVIDE (__fini_array_start = .)
 *(SORT_BY_NAME(.fini_array.*))
 *(.fini_array*)
 .fini_array    0x0000000008003e50        0x4 c:/users/4mzr2/onedrive/pulpit/uczelnia/stm32/stm32cubeide_1.10.1/stm32cubeide/plugins/com.st.stm32cube.ide.mcu.externaltools.gnu-tools-for-stm32.10.3-2021.10.win32_1.0.0.202111181127/tools/bin/../lib/gcc/arm-none-eabi/10.3.1/thumb/v7e-m+fp/hard/crtbegin.o
                [!provide]                        PROVIDE (__fini_array_end = .)
                0x0000000008003e54                . = ALIGN (0x4)
                0x0000000008003e54                _sidata = LOADADDR (.data)

.data           0x0000000020000000        0xc load address 0x0000000008003e54
                0x0000000020000000                . = ALIGN (0x4)
                0x0000000020000000                _sdata = .
 *(.data)
 *(.data*)
 .data.SystemCoreClock
                0x0000000020000000        0x4 ./Core/Src/system_stm32l4xx.o
                0x0000000020000000                SystemCoreClock
 .data.uwTickPrio
                0x0000000020000004        0x4 ./Drivers/STM32L4xx_HAL_Driver/Src/stm32l4xx_hal.o
                0x0000000020000004                uwTickPrio
 .data.uwTickFreq
                0x0000000020000008        0x1 ./Drivers/STM32L4xx_HAL_Driver/Src/stm32l4xx_hal.o
                0x0000000020000008                uwTickFreq
 *(.RamFunc)
 *(.RamFunc*)
                0x000000002000000c                . = ALIGN (0x4)
 *fill*         0x0000000020000009        0x3 
                0x000000002000000c                _edata = .

.igot.plt       0x000000002000000c        0x0 load address 0x0000000008003e60
 .igot.plt      0x000000002000000c        0x0 c:/users/4mzr2/onedrive/pulpit/uczelnia/stm32/stm32cubeide_1.10.1/stm32cubeide/plugins/com.st.stm32cube.ide.mcu.externaltools.gnu-tools-for-stm32.10.3-2021.10.win32_1.0.0.202111181127/tools/bin/../lib/gcc/arm-none-eabi/10.3.1/thumb/v7e-m+fp/hard/crtbegin.o
                0x000000002000000c                . = ALIGN (0x4)

.bss            0x000000002000000c       0xdc load address 0x0000000008003e60
                0x000000002000000c                _sbss = .
                0x000000002000000c                __bss_start__ = _sbss
 *(.bss)
 .bss           0x000000002000000c       0x1c c:/users/4mzr2/onedrive/pulpit/uczelnia/stm32/stm32cubeide_1.10.1/stm32cubeide/plugins/com.st.stm32cube.ide.mcu.externaltools.gnu-tools-for-stm32.10.3-2021.10.win32_1.0.0.202111181127/tools/bin/../lib/gcc/arm-none-eabi/10.3.1/thumb/v7e-m+fp/hard/crtbegin.o
 *(.bss*)
 .bss.flag      0x0000000020000028        0x1 ./Core/Src/MKS42Dcommands.o
                0x0000000020000028                flag
 .bss.receive_length
                0x0000000020000029        0x1 ./Core/Src/MKS42Dcommands.o
                0x0000000020000029                receive_length
 *fill*         0x000000002000002a        0x2 
 .bss.transmit  0x000000002000002c        0x8 ./Core/Src/MKS42Dcommands.o
                0x000000002000002c                transmit
 .bss.receive   0x0000000020000034        0x9 ./Core/Src/MKS42Dcommands.o
                0x0000000020000034                receive
 *fill*         0x000000002000003d        0x3 
 .bss.buff      0x0000000020000040        0x2 ./Core/Src/MKS42Dcommands.o
                0x0000000020000040                buff
 .bss.indx      0x0000000020000042        0x1 ./Core/Src/MKS42Dcommands.o
                0x0000000020000042                indx
 .bss.status    0x0000000020000043        0x1 ./Core/Src/MKS42Dcommands.o
                0x0000000020000043                status
 .bss.encoder_value
                0x0000000020000044        0x2 ./Core/Src/MKS42Dcommands.o
                0x0000000020000044                encoder_value
 *fill*         0x0000000020000046        0x2 
 .bss.encoder_rotations
                0x0000000020000048        0x4 ./Core/Src/MKS42Dcommands.o
                0x0000000020000048                encoder_rotations
 .bss.angle_en  0x000000002000004c        0x4 ./Core/Src/MKS42Dcommands.o
                0x000000002000004c                angle_en
 .bss.read_rotation
                0x0000000020000050        0x4 ./Core/Src/MKS42Dcommands.o
                0x0000000020000050                read_rotation
 .bss.angle     0x0000000020000054        0x4 ./Core/Src/MKS42Dcommands.o
                0x0000000020000054                angle
 .bss.read_error
                0x0000000020000058        0x2 ./Core/Src/MKS42Dcommands.o
                0x0000000020000058                read_error
 *fill*         0x000000002000005a        0x2 
 .bss.angle_err
                0x000000002000005c        0x4 ./Core/Src/MKS42Dcommands.o
                0x000000002000005c                angle_err
 .bss.huart1    0x0000000020000060       0x84 ./Core/Src/usart.o
                0x0000000020000060                huart1
 .bss.uwTick    0x00000000200000e4        0x4 ./Drivers/STM32L4xx_HAL_Driver/Src/stm32l4xx_hal.o
                0x00000000200000e4                uwTick
 *(COMMON)
                0x00000000200000e8                . = ALIGN (0x4)
                0x00000000200000e8                _ebss = .
                0x00000000200000e8                __bss_end__ = _ebss

._user_heap_stack
                0x00000000200000e8      0x600 load address 0x0000000008003e60
                0x00000000200000e8                . = ALIGN (0x8)
                [!provide]                        PROVIDE (end = .)
                0x00000000200000e8                PROVIDE (_end = .)
                0x00000000200002e8                . = (. + _Min_Heap_Size)
 *fill*         0x00000000200000e8      0x200 
                0x00000000200006e8                . = (. + _Min_Stack_Size)
 *fill*         0x00000000200002e8      0x400 
                0x00000000200006e8                . = ALIGN (0x8)

/DISCARD/
 libc.a(*)
 libm.a(*)
 libgcc.a(*)

.ARM.attributes
                0x0000000000000000       0x30
 *(.ARM.attributes)
 .ARM.attributes
                0x0000000000000000       0x1e c:/users/4mzr2/onedrive/pulpit/uczelnia/stm32/stm32cubeide_1.10.1/stm32cubeide/plugins/com.st.stm32cube.ide.mcu.externaltools.gnu-tools-for-stm32.10.3-2021.10.win32_1.0.0.202111181127/tools/bin/../lib/gcc/arm-none-eabi/10.3.1/thumb/v7e-m+fp/hard/crti.o
 .ARM.attributes
                0x000000000000001e       0x34 c:/users/4mzr2/onedrive/pulpit/uczelnia/stm32/stm32cubeide_1.10.1/stm32cubeide/plugins/com.st.stm32cube.ide.mcu.externaltools.gnu-tools-for-stm32.10.3-2021.10.win32_1.0.0.202111181127/tools/bin/../lib/gcc/arm-none-eabi/10.3.1/thumb/v7e-m+fp/hard/crtbegin.o
 .ARM.attributes
                0x0000000000000052       0x34 ./Core/Src/MKS42Dcommands.o
 .ARM.attributes
                0x0000000000000086       0x34 ./Core/Src/gpio.o
 .ARM.attributes
                0x00000000000000ba       0x34 ./Core/Src/main.o
 .ARM.attributes
                0x00000000000000ee       0x34 ./Core/Src/stm32l4xx_hal_msp.o
 .ARM.attributes
                0x0000000000000122       0x34 ./Core/Src/stm32l4xx_it.o
 .ARM.attributes
                0x0000000000000156       0x34 ./Core/Src/system_stm32l4xx.o
 .ARM.attributes
                0x000000000000018a       0x34 ./Core/Src/usart.o
 .ARM.attributes
                0x00000000000001be       0x21 ./Core/Startup/startup_stm32l432kcux.o
 .ARM.attributes
                0x00000000000001df       0x34 ./Drivers/STM32L4xx_HAL_Driver/Src/stm32l4xx_hal.o
 .ARM.attributes
                0x0000000000000213       0x34 ./Drivers/STM32L4xx_HAL_Driver/Src/stm32l4xx_hal_cortex.o
 .ARM.attributes
                0x0000000000000247       0x34 ./Drivers/STM32L4xx_HAL_Driver/Src/stm32l4xx_hal_dma.o
 .ARM.attributes
                0x000000000000027b       0x34 ./Drivers/STM32L4xx_HAL_Driver/Src/stm32l4xx_hal_gpio.o
 .ARM.attributes
                0x00000000000002af       0x34 ./Drivers/STM32L4xx_HAL_Driver/Src/stm32l4xx_hal_pwr_ex.o
 .ARM.attributes
                0x00000000000002e3       0x34 ./Drivers/STM32L4xx_HAL_Driver/Src/stm32l4xx_hal_rcc.o
 .ARM.attributes
                0x0000000000000317       0x34 ./Drivers/STM32L4xx_HAL_Driver/Src/stm32l4xx_hal_rcc_ex.o
 .ARM.attributes
                0x000000000000034b       0x34 ./Drivers/STM32L4xx_HAL_Driver/Src/stm32l4xx_hal_uart.o
 .ARM.attributes
                0x000000000000037f       0x34 ./Drivers/STM32L4xx_HAL_Driver/Src/stm32l4xx_hal_uart_ex.o
 .ARM.attributes
                0x00000000000003b3       0x34 c:/users/4mzr2/onedrive/pulpit/uczelnia/stm32/stm32cubeide_1.10.1/stm32cubeide/plugins/com.st.stm32cube.ide.mcu.externaltools.gnu-tools-for-stm32.10.3-2021.10.win32_1.0.0.202111181127/tools/bin/../lib/gcc/arm-none-eabi/10.3.1/../../../../arm-none-eabi/lib/thumb/v7e-m+fp/hard\libc_nano.a(lib_a-init.o)
 .ARM.attributes
                0x00000000000003e7       0x34 c:/users/4mzr2/onedrive/pulpit/uczelnia/stm32/stm32cubeide_1.10.1/stm32cubeide/plugins/com.st.stm32cube.ide.mcu.externaltools.gnu-tools-for-stm32.10.3-2021.10.win32_1.0.0.202111181127/tools/bin/../lib/gcc/arm-none-eabi/10.3.1/../../../../arm-none-eabi/lib/thumb/v7e-m+fp/hard\libc_nano.a(lib_a-memset.o)
 .ARM.attributes
                0x000000000000041b       0x1e c:/users/4mzr2/onedrive/pulpit/uczelnia/stm32/stm32cubeide_1.10.1/stm32cubeide/plugins/com.st.stm32cube.ide.mcu.externaltools.gnu-tools-for-stm32.10.3-2021.10.win32_1.0.0.202111181127/tools/bin/../lib/gcc/arm-none-eabi/10.3.1/thumb/v7e-m+fp/hard\libgcc.a(_aeabi_uldivmod.o)
 .ARM.attributes
                0x0000000000000439       0x34 c:/users/4mzr2/onedrive/pulpit/uczelnia/stm32/stm32cubeide_1.10.1/stm32cubeide/plugins/com.st.stm32cube.ide.mcu.externaltools.gnu-tools-for-stm32.10.3-2021.10.win32_1.0.0.202111181127/tools/bin/../lib/gcc/arm-none-eabi/10.3.1/thumb/v7e-m+fp/hard\libgcc.a(_udivmoddi4.o)
 .ARM.attributes
                0x000000000000046d       0x1e c:/users/4mzr2/onedrive/pulpit/uczelnia/stm32/stm32cubeide_1.10.1/stm32cubeide/plugins/com.st.stm32cube.ide.mcu.externaltools.gnu-tools-for-stm32.10.3-2021.10.win32_1.0.0.202111181127/tools/bin/../lib/gcc/arm-none-eabi/10.3.1/thumb/v7e-m+fp/hard\libgcc.a(_dvmd_tls.o)
 .ARM.attributes
                0x000000000000048b       0x1e c:/users/4mzr2/onedrive/pulpit/uczelnia/stm32/stm32cubeide_1.10.1/stm32cubeide/plugins/com.st.stm32cube.ide.mcu.externaltools.gnu-tools-for-stm32.10.3-2021.10.win32_1.0.0.202111181127/tools/bin/../lib/gcc/arm-none-eabi/10.3.1/thumb/v7e-m+fp/hard/crtn.o
OUTPUT(MKS42DwithSTM32L432KCU6.elf elf32-littlearm)
LOAD linker stubs
LOAD c:/users/4mzr2/onedrive/pulpit/uczelnia/stm32/stm32cubeide_1.10.1/stm32cubeide/plugins/com.st.stm32cube.ide.mcu.externaltools.gnu-tools-for-stm32.10.3-2021.10.win32_1.0.0.202111181127/tools/bin/../lib/gcc/arm-none-eabi/10.3.1/../../../../arm-none-eabi/lib/thumb/v7e-m+fp/hard\libc.a
LOAD c:/users/4mzr2/onedrive/pulpit/uczelnia/stm32/stm32cubeide_1.10.1/stm32cubeide/plugins/com.st.stm32cube.ide.mcu.externaltools.gnu-tools-for-stm32.10.3-2021.10.win32_1.0.0.202111181127/tools/bin/../lib/gcc/arm-none-eabi/10.3.1/../../../../arm-none-eabi/lib/thumb/v7e-m+fp/hard\libm.a
LOAD c:/users/4mzr2/onedrive/pulpit/uczelnia/stm32/stm32cubeide_1.10.1/stm32cubeide/plugins/com.st.stm32cube.ide.mcu.externaltools.gnu-tools-for-stm32.10.3-2021.10.win32_1.0.0.202111181127/tools/bin/../lib/gcc/arm-none-eabi/10.3.1/thumb/v7e-m+fp/hard\libgcc.a

.debug_info     0x0000000000000000     0xc8fc
 .debug_info    0x0000000000000000      0xabd ./Core/Src/MKS42Dcommands.o
 .debug_info    0x0000000000000abd      0x307 ./Core/Src/gpio.o
 .debug_info    0x0000000000000dc4      0x478 ./Core/Src/main.o
 .debug_info    0x000000000000123c      0x324 ./Core/Src/stm32l4xx_hal_msp.o
 .debug_info    0x0000000000001560      0x75f ./Core/Src/stm32l4xx_it.o
 .debug_info    0x0000000000001cbf      0x5d4 ./Core/Src/system_stm32l4xx.o
 .debug_info    0x0000000000002293      0xe8f ./Core/Src/usart.o
 .debug_info    0x0000000000003122       0x22 ./Core/Startup/startup_stm32l432kcux.o
 .debug_info    0x0000000000003144      0x9da ./Drivers/STM32L4xx_HAL_Driver/Src/stm32l4xx_hal.o
 .debug_info    0x0000000000003b1e      0xda3 ./Drivers/STM32L4xx_HAL_Driver/Src/stm32l4xx_hal_cortex.o
 .debug_info    0x00000000000048c1      0x76a ./Drivers/STM32L4xx_HAL_Driver/Src/stm32l4xx_hal_dma.o
 .debug_info    0x000000000000502b      0x821 ./Drivers/STM32L4xx_HAL_Driver/Src/stm32l4xx_hal_gpio.o
 .debug_info    0x000000000000584c      0x96b ./Drivers/STM32L4xx_HAL_Driver/Src/stm32l4xx_hal_pwr_ex.o
 .debug_info    0x00000000000061b7      0xc97 ./Drivers/STM32L4xx_HAL_Driver/Src/stm32l4xx_hal_rcc.o
 .debug_info    0x0000000000006e4e      0xf5b ./Drivers/STM32L4xx_HAL_Driver/Src/stm32l4xx_hal_rcc_ex.o
 .debug_info    0x0000000000007da9     0x3d1c ./Drivers/STM32L4xx_HAL_Driver/Src/stm32l4xx_hal_uart.o
 .debug_info    0x000000000000bac5      0xe37 ./Drivers/STM32L4xx_HAL_Driver/Src/stm32l4xx_hal_uart_ex.o

.debug_abbrev   0x0000000000000000     0x1f4f
 .debug_abbrev  0x0000000000000000      0x234 ./Core/Src/MKS42Dcommands.o
 .debug_abbrev  0x0000000000000234       0xb7 ./Core/Src/gpio.o
 .debug_abbrev  0x00000000000002eb      0x1ae ./Core/Src/main.o
 .debug_abbrev  0x0000000000000499       0xc2 ./Core/Src/stm32l4xx_hal_msp.o
 .debug_abbrev  0x000000000000055b      0x166 ./Core/Src/stm32l4xx_it.o
 .debug_abbrev  0x00000000000006c1      0x116 ./Core/Src/system_stm32l4xx.o
 .debug_abbrev  0x00000000000007d7      0x1f0 ./Core/Src/usart.o
 .debug_abbrev  0x00000000000009c7       0x12 ./Core/Startup/startup_stm32l432kcux.o
 .debug_abbrev  0x00000000000009d9      0x21e ./Drivers/STM32L4xx_HAL_Driver/Src/stm32l4xx_hal.o
 .debug_abbrev  0x0000000000000bf7      0x316 ./Drivers/STM32L4xx_HAL_Driver/Src/stm32l4xx_hal_cortex.o
 .debug_abbrev  0x0000000000000f0d      0x1d7 ./Drivers/STM32L4xx_HAL_Driver/Src/stm32l4xx_hal_dma.o
 .debug_abbrev  0x00000000000010e4      0x1bb ./Drivers/STM32L4xx_HAL_Driver/Src/stm32l4xx_hal_gpio.o
 .debug_abbrev  0x000000000000129f      0x1f3 ./Drivers/STM32L4xx_HAL_Driver/Src/stm32l4xx_hal_pwr_ex.o
 .debug_abbrev  0x0000000000001492      0x2bd ./Drivers/STM32L4xx_HAL_Driver/Src/stm32l4xx_hal_rcc.o
 .debug_abbrev  0x000000000000174f      0x299 ./Drivers/STM32L4xx_HAL_Driver/Src/stm32l4xx_hal_rcc_ex.o
 .debug_abbrev  0x00000000000019e8      0x2bc ./Drivers/STM32L4xx_HAL_Driver/Src/stm32l4xx_hal_uart.o
 .debug_abbrev  0x0000000000001ca4      0x2ab ./Drivers/STM32L4xx_HAL_Driver/Src/stm32l4xx_hal_uart_ex.o

.debug_aranges  0x0000000000000000      0x9f8
 .debug_aranges
                0x0000000000000000       0x60 ./Core/Src/MKS42Dcommands.o
 .debug_aranges
                0x0000000000000060       0x20 ./Core/Src/gpio.o
 .debug_aranges
                0x0000000000000080       0x30 ./Core/Src/main.o
 .debug_aranges
                0x00000000000000b0       0x20 ./Core/Src/stm32l4xx_hal_msp.o
 .debug_aranges
                0x00000000000000d0       0x68 ./Core/Src/stm32l4xx_it.o
 .debug_aranges
                0x0000000000000138       0x28 ./Core/Src/system_stm32l4xx.o
 .debug_aranges
                0x0000000000000160       0x30 ./Core/Src/usart.o
 .debug_aranges
                0x0000000000000190       0x28 ./Core/Startup/startup_stm32l432kcux.o
 .debug_aranges
                0x00000000000001b8      0x108 ./Drivers/STM32L4xx_HAL_Driver/Src/stm32l4xx_hal.o
 .debug_aranges
                0x00000000000002c0      0x118 ./Drivers/STM32L4xx_HAL_Driver/Src/stm32l4xx_hal_cortex.o
 .debug_aranges
                0x00000000000003d8       0x80 ./Drivers/STM32L4xx_HAL_Driver/Src/stm32l4xx_hal_dma.o
 .debug_aranges
                0x0000000000000458       0x58 ./Drivers/STM32L4xx_HAL_Driver/Src/stm32l4xx_hal_gpio.o
 .debug_aranges
                0x00000000000004b0      0x128 ./Drivers/STM32L4xx_HAL_Driver/Src/stm32l4xx_hal_pwr_ex.o
 .debug_aranges
                0x00000000000005d8       0x90 ./Drivers/STM32L4xx_HAL_Driver/Src/stm32l4xx_hal_rcc.o
 .debug_aranges
                0x0000000000000668       0xf0 ./Drivers/STM32L4xx_HAL_Driver/Src/stm32l4xx_hal_rcc_ex.o
 .debug_aranges
                0x0000000000000758      0x228 ./Drivers/STM32L4xx_HAL_Driver/Src/stm32l4xx_hal_uart.o
 .debug_aranges
                0x0000000000000980       0x78 ./Drivers/STM32L4xx_HAL_Driver/Src/stm32l4xx_hal_uart_ex.o

.debug_ranges   0x0000000000000000      0x920
 .debug_ranges  0x0000000000000000       0x50 ./Core/Src/MKS42Dcommands.o
 .debug_ranges  0x0000000000000050       0x10 ./Core/Src/gpio.o
 .debug_ranges  0x0000000000000060       0x20 ./Core/Src/main.o
 .debug_ranges  0x0000000000000080       0x10 ./Core/Src/stm32l4xx_hal_msp.o
 .debug_ranges  0x0000000000000090       0x58 ./Core/Src/stm32l4xx_it.o
 .debug_ranges  0x00000000000000e8       0x18 ./Core/Src/system_stm32l4xx.o
 .debug_ranges  0x0000000000000100       0x20 ./Core/Src/usart.o
 .debug_ranges  0x0000000000000120       0x20 ./Core/Startup/startup_stm32l432kcux.o
 .debug_ranges  0x0000000000000140       0xf8 ./Drivers/STM32L4xx_HAL_Driver/Src/stm32l4xx_hal.o
 .debug_ranges  0x0000000000000238      0x108 ./Drivers/STM32L4xx_HAL_Driver/Src/stm32l4xx_hal_cortex.o
 .debug_ranges  0x0000000000000340       0x70 ./Drivers/STM32L4xx_HAL_Driver/Src/stm32l4xx_hal_dma.o
 .debug_ranges  0x00000000000003b0       0x48 ./Drivers/STM32L4xx_HAL_Driver/Src/stm32l4xx_hal_gpio.o
 .debug_ranges  0x00000000000003f8      0x118 ./Drivers/STM32L4xx_HAL_Driver/Src/stm32l4xx_hal_pwr_ex.o
 .debug_ranges  0x0000000000000510       0x80 ./Drivers/STM32L4xx_HAL_Driver/Src/stm32l4xx_hal_rcc.o
 .debug_ranges  0x0000000000000590       0xe0 ./Drivers/STM32L4xx_HAL_Driver/Src/stm32l4xx_hal_rcc_ex.o
 .debug_ranges  0x0000000000000670      0x248 ./Drivers/STM32L4xx_HAL_Driver/Src/stm32l4xx_hal_uart.o
 .debug_ranges  0x00000000000008b8       0x68 ./Drivers/STM32L4xx_HAL_Driver/Src/stm32l4xx_hal_uart_ex.o

.debug_macro    0x0000000000000000    0x205e3
 .debug_macro   0x0000000000000000      0x2b9 ./Core/Src/MKS42Dcommands.o
 .debug_macro   0x00000000000002b9      0xa78 ./Core/Src/MKS42Dcommands.o
 .debug_macro   0x0000000000000d31      0x1a7 ./Core/Src/MKS42Dcommands.o
 .debug_macro   0x0000000000000ed8       0x2e ./Core/Src/MKS42Dcommands.o
 .debug_macro   0x0000000000000f06       0x28 ./Core/Src/MKS42Dcommands.o
 .debug_macro   0x0000000000000f2e       0x22 ./Core/Src/MKS42Dcommands.o
 .debug_macro   0x0000000000000f50       0x8e ./Core/Src/MKS42Dcommands.o
 .debug_macro   0x0000000000000fde       0x51 ./Core/Src/MKS42Dcommands.o
 .debug_macro   0x000000000000102f      0x103 ./Core/Src/MKS42Dcommands.o
 .debug_macro   0x0000000000001132       0x6a ./Core/Src/MKS42Dcommands.o
 .debug_macro   0x000000000000119c      0x1df ./Core/Src/MKS42Dcommands.o
 .debug_macro   0x000000000000137b       0x1c ./Core/Src/MKS42Dcommands.o
 .debug_macro   0x0000000000001397       0x22 ./Core/Src/MKS42Dcommands.o
 .debug_macro   0x00000000000013b9       0xfb ./Core/Src/MKS42Dcommands.o
 .debug_macro   0x00000000000014b4     0x1011 ./Core/Src/MKS42Dcommands.o
 .debug_macro   0x00000000000024c5      0x11f ./Core/Src/MKS42Dcommands.o
 .debug_macro   0x00000000000025e4    0x147a6 ./Core/Src/MKS42Dcommands.o
 .debug_macro   0x0000000000016d8a       0x6d ./Core/Src/MKS42Dcommands.o
 .debug_macro   0x0000000000016df7     0x38e6 ./Core/Src/MKS42Dcommands.o
 .debug_macro   0x000000000001a6dd      0x174 ./Core/Src/MKS42Dcommands.o
 .debug_macro   0x000000000001a851       0x5c ./Core/Src/MKS42Dcommands.o
 .debug_macro   0x000000000001a8ad     0x11ca ./Core/Src/MKS42Dcommands.o
 .debug_macro   0x000000000001ba77      0x53c ./Core/Src/MKS42Dcommands.o
 .debug_macro   0x000000000001bfb3      0x1b9 ./Core/Src/MKS42Dcommands.o
 .debug_macro   0x000000000001c16c      0x122 ./Core/Src/MKS42Dcommands.o
 .debug_macro   0x000000000001c28e      0x26b ./Core/Src/MKS42Dcommands.o
 .debug_macro   0x000000000001c4f9      0x23d ./Core/Src/MKS42Dcommands.o
 .debug_macro   0x000000000001c736      0x241 ./Core/Src/MKS42Dcommands.o
 .debug_macro   0x000000000001c977      0x375 ./Core/Src/MKS42Dcommands.o
 .debug_macro   0x000000000001ccec       0xd6 ./Core/Src/MKS42Dcommands.o
 .debug_macro   0x000000000001cdc2      0x22c ./Core/Src/MKS42Dcommands.o
 .debug_macro   0x000000000001cfee       0x61 ./Core/Src/MKS42Dcommands.o
 .debug_macro   0x000000000001d04f       0xa5 ./Core/Src/MKS42Dcommands.o
 .debug_macro   0x000000000001d0f4      0x122 ./Core/Src/MKS42Dcommands.o
 .debug_macro   0x000000000001d216      0x356 ./Core/Src/MKS42Dcommands.o
 .debug_macro   0x000000000001d56c      0x5ba ./Core/Src/MKS42Dcommands.o
 .debug_macro   0x000000000001db26       0x44 ./Core/Src/MKS42Dcommands.o
 .debug_macro   0x000000000001db6a      0x220 ./Core/Src/MKS42Dcommands.o
 .debug_macro   0x000000000001dd8a       0x22 ./Core/Src/MKS42Dcommands.o
 .debug_macro   0x000000000001ddac       0x52 ./Core/Src/MKS42Dcommands.o
 .debug_macro   0x000000000001ddfe       0x1e ./Core/Src/MKS42Dcommands.o
 .debug_macro   0x000000000001de1c       0x3c ./Core/Src/MKS42Dcommands.o
 .debug_macro   0x000000000001de58       0x34 ./Core/Src/MKS42Dcommands.o
 .debug_macro   0x000000000001de8c       0x16 ./Core/Src/MKS42Dcommands.o
 .debug_macro   0x000000000001dea2       0x43 ./Core/Src/MKS42Dcommands.o
 .debug_macro   0x000000000001dee5       0x34 ./Core/Src/MKS42Dcommands.o
 .debug_macro   0x000000000001df19       0x10 ./Core/Src/MKS42Dcommands.o
 .debug_macro   0x000000000001df29       0x58 ./Core/Src/MKS42Dcommands.o
 .debug_macro   0x000000000001df81       0x71 ./Core/Src/MKS42Dcommands.o
 .debug_macro   0x000000000001dff2       0x1c ./Core/Src/MKS42Dcommands.o
 .debug_macro   0x000000000001e00e      0x12a ./Core/Src/MKS42Dcommands.o
 .debug_macro   0x000000000001e138      0x341 ./Core/Src/MKS42Dcommands.o
 .debug_macro   0x000000000001e479       0x10 ./Core/Src/MKS42Dcommands.o
 .debug_macro   0x000000000001e489       0x35 ./Core/Src/MKS42Dcommands.o
 .debug_macro   0x000000000001e4be       0x20 ./Core/Src/MKS42Dcommands.o
 .debug_macro   0x000000000001e4de       0x6a ./Core/Src/MKS42Dcommands.o
 .debug_macro   0x000000000001e548      0x2c7 ./Core/Src/gpio.o
 .debug_macro   0x000000000001e80f      0x2cb ./Core/Src/main.o
 .debug_macro   0x000000000001eada      0x2bd ./Core/Src/stm32l4xx_hal_msp.o
 .debug_macro   0x000000000001ed97      0x2c7 ./Core/Src/stm32l4xx_it.o
 .debug_macro   0x000000000001f05e      0x1c5 ./Core/Src/system_stm32l4xx.o
 .debug_macro   0x000000000001f223      0x2bd ./Core/Src/usart.o
 .debug_macro   0x000000000001f4e0      0x20d ./Drivers/STM32L4xx_HAL_Driver/Src/stm32l4xx_hal.o
 .debug_macro   0x000000000001f6ed      0x1c5 ./Drivers/STM32L4xx_HAL_Driver/Src/stm32l4xx_hal_cortex.o
 .debug_macro   0x000000000001f8b2      0x1c5 ./Drivers/STM32L4xx_HAL_Driver/Src/stm32l4xx_hal_dma.o
 .debug_macro   0x000000000001fa77      0x1cc ./Drivers/STM32L4xx_HAL_Driver/Src/stm32l4xx_hal_gpio.o
 .debug_macro   0x000000000001fc43      0x1e9 ./Drivers/STM32L4xx_HAL_Driver/Src/stm32l4xx_hal_pwr_ex.o
 .debug_macro   0x000000000001fe2c      0x207 ./Drivers/STM32L4xx_HAL_Driver/Src/stm32l4xx_hal_rcc.o
 .debug_macro   0x0000000000020033      0x1fb ./Drivers/STM32L4xx_HAL_Driver/Src/stm32l4xx_hal_rcc_ex.o
 .debug_macro   0x000000000002022e      0x1f0 ./Drivers/STM32L4xx_HAL_Driver/Src/stm32l4xx_hal_uart.o
 .debug_macro   0x000000000002041e      0x1c5 ./Drivers/STM32L4xx_HAL_Driver/Src/stm32l4xx_hal_uart_ex.o

.debug_line     0x0000000000000000     0xeb08
 .debug_line    0x0000000000000000      0xbc2 ./Core/Src/MKS42Dcommands.o
 .debug_line    0x0000000000000bc2      0x999 ./Core/Src/gpio.o
 .debug_line    0x000000000000155b      0xaec ./Core/Src/main.o
 .debug_line    0x0000000000002047      0x99d ./Core/Src/stm32l4xx_hal_msp.o
 .debug_line    0x00000000000029e4      0xa78 ./Core/Src/stm32l4xx_it.o
 .debug_line    0x000000000000345c      0x884 ./Core/Src/system_stm32l4xx.o
 .debug_line    0x0000000000003ce0      0xa17 ./Core/Src/usart.o
 .debug_line    0x00000000000046f7       0x88 ./Core/Startup/startup_stm32l432kcux.o
 .debug_line    0x000000000000477f      0xb49 ./Drivers/STM32L4xx_HAL_Driver/Src/stm32l4xx_hal.o
 .debug_line    0x00000000000052c8      0xd83 ./Drivers/STM32L4xx_HAL_Driver/Src/stm32l4xx_hal_cortex.o
 .debug_line    0x000000000000604b      0xdbb ./Drivers/STM32L4xx_HAL_Driver/Src/stm32l4xx_hal_dma.o
 .debug_line    0x0000000000006e06      0xbd3 ./Drivers/STM32L4xx_HAL_Driver/Src/stm32l4xx_hal_gpio.o
 .debug_line    0x00000000000079d9      0xcdb ./Drivers/STM32L4xx_HAL_Driver/Src/stm32l4xx_hal_pwr_ex.o
 .debug_line    0x00000000000086b4     0x1094 ./Drivers/STM32L4xx_HAL_Driver/Src/stm32l4xx_hal_rcc.o
 .debug_line    0x0000000000009748     0x13ae ./Drivers/STM32L4xx_HAL_Driver/Src/stm32l4xx_hal_rcc_ex.o
 .debug_line    0x000000000000aaf6     0x32ed ./Drivers/STM32L4xx_HAL_Driver/Src/stm32l4xx_hal_uart.o
 .debug_line    0x000000000000dde3      0xd25 ./Drivers/STM32L4xx_HAL_Driver/Src/stm32l4xx_hal_uart_ex.o

.debug_str      0x0000000000000000    0xc01d4
 .debug_str     0x0000000000000000    0xbd267 ./Core/Src/MKS42Dcommands.o
                                      0xbd5c4 (size before relaxing)
 .debug_str     0x00000000000bd267      0x149 ./Core/Src/gpio.o
                                      0xbd091 (size before relaxing)
 .debug_str     0x00000000000bd3b0      0x1f8 ./Core/Src/main.o
                                      0xbd255 (size before relaxing)
 .debug_str     0x00000000000bd5a8       0x2c ./Core/Src/stm32l4xx_hal_msp.o
                                      0xbd091 (size before relaxing)
 .debug_str     0x00000000000bd5d4       0xef ./Core/Src/stm32l4xx_it.o
                                      0xbd436 (size before relaxing)
 .debug_str     0x00000000000bd6c3       0xf2 ./Core/Src/system_stm32l4xx.o
                                      0xba190 (size before relaxing)
 .debug_str     0x00000000000bd7b5      0x643 ./Core/Src/usart.o
                                      0xbdb74 (size before relaxing)
 .debug_str     0x00000000000bddf8       0x36 ./Core/Startup/startup_stm32l432kcux.o
                                         0x8b (size before relaxing)
 .debug_str     0x00000000000bde2e      0x564 ./Drivers/STM32L4xx_HAL_Driver/Src/stm32l4xx_hal.o
                                      0xbab1d (size before relaxing)
 .debug_str     0x00000000000be392      0x313 ./Drivers/STM32L4xx_HAL_Driver/Src/stm32l4xx_hal_cortex.o
                                      0xba8be (size before relaxing)
 .debug_str     0x00000000000be6a5      0x258 ./Drivers/STM32L4xx_HAL_Driver/Src/stm32l4xx_hal_dma.o
                                      0xba3f7 (size before relaxing)
 .debug_str     0x00000000000be8fd      0x15f ./Drivers/STM32L4xx_HAL_Driver/Src/stm32l4xx_hal_gpio.o
                                      0xba304 (size before relaxing)
 .debug_str     0x00000000000bea5c      0x44e ./Drivers/STM32L4xx_HAL_Driver/Src/stm32l4xx_hal_pwr_ex.o
                                      0xba638 (size before relaxing)
 .debug_str     0x00000000000beeaa      0x38c ./Drivers/STM32L4xx_HAL_Driver/Src/stm32l4xx_hal_rcc.o
                                      0xba790 (size before relaxing)
 .debug_str     0x00000000000bf236      0x553 ./Drivers/STM32L4xx_HAL_Driver/Src/stm32l4xx_hal_rcc_ex.o
                                      0xba9f0 (size before relaxing)
 .debug_str     0x00000000000bf789      0x86e ./Drivers/STM32L4xx_HAL_Driver/Src/stm32l4xx_hal_uart.o
                                      0xbaec0 (size before relaxing)
 .debug_str     0x00000000000bfff7      0x1dd ./Drivers/STM32L4xx_HAL_Driver/Src/stm32l4xx_hal_uart_ex.o
                                      0xba6cf (size before relaxing)

.comment        0x0000000000000000       0x50
 .comment       0x0000000000000000       0x50 ./Core/Src/MKS42Dcommands.o
                                         0x51 (size before relaxing)
 .comment       0x0000000000000050       0x51 ./Core/Src/gpio.o
 .comment       0x0000000000000050       0x51 ./Core/Src/main.o
 .comment       0x0000000000000050       0x51 ./Core/Src/stm32l4xx_hal_msp.o
 .comment       0x0000000000000050       0x51 ./Core/Src/stm32l4xx_it.o
 .comment       0x0000000000000050       0x51 ./Core/Src/system_stm32l4xx.o
 .comment       0x0000000000000050       0x51 ./Core/Src/usart.o
 .comment       0x0000000000000050       0x51 ./Drivers/STM32L4xx_HAL_Driver/Src/stm32l4xx_hal.o
 .comment       0x0000000000000050       0x51 ./Drivers/STM32L4xx_HAL_Driver/Src/stm32l4xx_hal_cortex.o
 .comment       0x0000000000000050       0x51 ./Drivers/STM32L4xx_HAL_Driver/Src/stm32l4xx_hal_dma.o
 .comment       0x0000000000000050       0x51 ./Drivers/STM32L4xx_HAL_Driver/Src/stm32l4xx_hal_gpio.o
 .comment       0x0000000000000050       0x51 ./Drivers/STM32L4xx_HAL_Driver/Src/stm32l4xx_hal_pwr_ex.o
 .comment       0x0000000000000050       0x51 ./Drivers/STM32L4xx_HAL_Driver/Src/stm32l4xx_hal_rcc.o
 .comment       0x0000000000000050       0x51 ./Drivers/STM32L4xx_HAL_Driver/Src/stm32l4xx_hal_rcc_ex.o
 .comment       0x0000000000000050       0x51 ./Drivers/STM32L4xx_HAL_Driver/Src/stm32l4xx_hal_uart.o
 .comment       0x0000000000000050       0x51 ./Drivers/STM32L4xx_HAL_Driver/Src/stm32l4xx_hal_uart_ex.o

.debug_frame    0x0000000000000000     0x26e8
 .debug_frame   0x0000000000000000      0x14c ./Core/Src/MKS42Dcommands.o
 .debug_frame   0x000000000000014c       0x38 ./Core/Src/gpio.o
 .debug_frame   0x0000000000000184       0x68 ./Core/Src/main.o
 .debug_frame   0x00000000000001ec       0x38 ./Core/Src/stm32l4xx_hal_msp.o
 .debug_frame   0x0000000000000224      0x120 ./Core/Src/stm32l4xx_it.o
 .debug_frame   0x0000000000000344       0x58 ./Core/Src/system_stm32l4xx.o
 .debug_frame   0x000000000000039c       0x78 ./Core/Src/usart.o
 .debug_frame   0x0000000000000414      0x3dc ./Drivers/STM32L4xx_HAL_Driver/Src/stm32l4xx_hal.o
 .debug_frame   0x00000000000007f0      0x498 ./Drivers/STM32L4xx_HAL_Driver/Src/stm32l4xx_hal_cortex.o
 .debug_frame   0x0000000000000c88      0x204 ./Drivers/STM32L4xx_HAL_Driver/Src/stm32l4xx_hal_dma.o
 .debug_frame   0x0000000000000e8c      0x14c ./Drivers/STM32L4xx_HAL_Driver/Src/stm32l4xx_hal_gpio.o
 .debug_frame   0x0000000000000fd8      0x4a4 ./Drivers/STM32L4xx_HAL_Driver/Src/stm32l4xx_hal_pwr_ex.o
 .debug_frame   0x000000000000147c      0x21c ./Drivers/STM32L4xx_HAL_Driver/Src/stm32l4xx_hal_rcc.o
 .debug_frame   0x0000000000001698      0x3d0 ./Drivers/STM32L4xx_HAL_Driver/Src/stm32l4xx_hal_rcc_ex.o
 .debug_frame   0x0000000000001a68      0x9f4 ./Drivers/STM32L4xx_HAL_Driver/Src/stm32l4xx_hal_uart.o
 .debug_frame   0x000000000000245c      0x1e0 ./Drivers/STM32L4xx_HAL_Driver/Src/stm32l4xx_hal_uart_ex.o
 .debug_frame   0x000000000000263c       0x2c c:/users/4mzr2/onedrive/pulpit/uczelnia/stm32/stm32cubeide_1.10.1/stm32cubeide/plugins/com.st.stm32cube.ide.mcu.externaltools.gnu-tools-for-stm32.10.3-2021.10.win32_1.0.0.202111181127/tools/bin/../lib/gcc/arm-none-eabi/10.3.1/../../../../arm-none-eabi/lib/thumb/v7e-m+fp/hard\libc_nano.a(lib_a-init.o)
 .debug_frame   0x0000000000002668       0x20 c:/users/4mzr2/onedrive/pulpit/uczelnia/stm32/stm32cubeide_1.10.1/stm32cubeide/plugins/com.st.stm32cube.ide.mcu.externaltools.gnu-tools-for-stm32.10.3-2021.10.win32_1.0.0.202111181127/tools/bin/../lib/gcc/arm-none-eabi/10.3.1/../../../../arm-none-eabi/lib/thumb/v7e-m+fp/hard\libc_nano.a(lib_a-memset.o)
 .debug_frame   0x0000000000002688       0x2c c:/users/4mzr2/onedrive/pulpit/uczelnia/stm32/stm32cubeide_1.10.1/stm32cubeide/plugins/com.st.stm32cube.ide.mcu.externaltools.gnu-tools-for-stm32.10.3-2021.10.win32_1.0.0.202111181127/tools/bin/../lib/gcc/arm-none-eabi/10.3.1/thumb/v7e-m+fp/hard\libgcc.a(_aeabi_uldivmod.o)
 .debug_frame   0x00000000000026b4       0x34 c:/users/4mzr2/onedrive/pulpit/uczelnia/stm32/stm32cubeide_1.10.1/stm32cubeide/plugins/com.st.stm32cube.ide.mcu.externaltools.gnu-tools-for-stm32.10.3-2021.10.win32_1.0.0.202111181127/tools/bin/../lib/gcc/arm-none-eabi/10.3.1/thumb/v7e-m+fp/hard\libgcc.a(_udivmoddi4.o)
