Archive member included to satisfy reference by file (symbol)

c:/users/4mzr2/onedrive/pulpit/uczelnia/stm32/stm32cubeide_1.10.1/stm32cubeide/plugins/com.st.stm32cube.ide.mcu.externaltools.gnu-tools-for-stm32.10.3-2021.10.win32_1.0.0.202111181127/tools/bin/../lib/gcc/arm-none-eabi/10.3.1/../../../../arm-none-eabi/lib/thumb/v7e-m+fp/hard\libc_nano.a(lib_a-errno.o)
                              ./Core/Src/syscalls.o (__errno)
c:/users/4mzr2/onedrive/pulpit/uczelnia/stm32/stm32cubeide_1.10.1/stm32cubeide/plugins/com.st.stm32cube.ide.mcu.externaltools.gnu-tools-for-stm32.10.3-2021.10.win32_1.0.0.202111181127/tools/bin/../lib/gcc/arm-none-eabi/10.3.1/../../../../arm-none-eabi/lib/thumb/v7e-m+fp/hard\libc_nano.a(lib_a-exit.o)
                              c:/users/4mzr2/onedrive/pulpit/uczelnia/stm32/stm32cubeide_1.10.1/stm32cubeide/plugins/com.st.stm32cube.ide.mcu.externaltools.gnu-tools-for-stm32.10.3-2021.10.win32_1.0.0.202111181127/tools/bin/../lib/gcc/arm-none-eabi/10.3.1/../../../../arm-none-eabi/lib/thumb/v7e-m+fp/hard/crt0.o (exit)
c:/users/4mzr2/onedrive/pulpit/uczelnia/stm32/stm32cubeide_1.10.1/stm32cubeide/plugins/com.st.stm32cube.ide.mcu.externaltools.gnu-tools-for-stm32.10.3-2021.10.win32_1.0.0.202111181127/tools/bin/../lib/gcc/arm-none-eabi/10.3.1/../../../../arm-none-eabi/lib/thumb/v7e-m+fp/hard\libc_nano.a(lib_a-impure.o)
                              c:/users/4mzr2/onedrive/pulpit/uczelnia/stm32/stm32cubeide_1.10.1/stm32cubeide/plugins/com.st.stm32cube.ide.mcu.externaltools.gnu-tools-for-stm32.10.3-2021.10.win32_1.0.0.202111181127/tools/bin/../lib/gcc/arm-none-eabi/10.3.1/../../../../arm-none-eabi/lib/thumb/v7e-m+fp/hard\libc_nano.a(lib_a-exit.o) (_global_impure_ptr)
c:/users/4mzr2/onedrive/pulpit/uczelnia/stm32/stm32cubeide_1.10.1/stm32cubeide/plugins/com.st.stm32cube.ide.mcu.externaltools.gnu-tools-for-stm32.10.3-2021.10.win32_1.0.0.202111181127/tools/bin/../lib/gcc/arm-none-eabi/10.3.1/../../../../arm-none-eabi/lib/thumb/v7e-m+fp/hard\libc_nano.a(lib_a-init.o)
                              c:/users/4mzr2/onedrive/pulpit/uczelnia/stm32/stm32cubeide_1.10.1/stm32cubeide/plugins/com.st.stm32cube.ide.mcu.externaltools.gnu-tools-for-stm32.10.3-2021.10.win32_1.0.0.202111181127/tools/bin/../lib/gcc/arm-none-eabi/10.3.1/../../../../arm-none-eabi/lib/thumb/v7e-m+fp/hard/crt0.o (__libc_init_array)
c:/users/4mzr2/onedrive/pulpit/uczelnia/stm32/stm32cubeide_1.10.1/stm32cubeide/plugins/com.st.stm32cube.ide.mcu.externaltools.gnu-tools-for-stm32.10.3-2021.10.win32_1.0.0.202111181127/tools/bin/../lib/gcc/arm-none-eabi/10.3.1/../../../../arm-none-eabi/lib/thumb/v7e-m+fp/hard\libc_nano.a(lib_a-memset.o)
                              c:/users/4mzr2/onedrive/pulpit/uczelnia/stm32/stm32cubeide_1.10.1/stm32cubeide/plugins/com.st.stm32cube.ide.mcu.externaltools.gnu-tools-for-stm32.10.3-2021.10.win32_1.0.0.202111181127/tools/bin/../lib/gcc/arm-none-eabi/10.3.1/../../../../arm-none-eabi/lib/thumb/v7e-m+fp/hard/crt0.o (memset)
c:/users/4mzr2/onedrive/pulpit/uczelnia/stm32/stm32cubeide_1.10.1/stm32cubeide/plugins/com.st.stm32cube.ide.mcu.externaltools.gnu-tools-for-stm32.10.3-2021.10.win32_1.0.0.202111181127/tools/bin/../lib/gcc/arm-none-eabi/10.3.1/thumb/v7e-m+fp/hard\libgcc.a(_aeabi_uldivmod.o)
                              ./Drivers/STM32L4xx_HAL_Driver/Src/stm32l4xx_hal_uart.o (__aeabi_uldivmod)
c:/users/4mzr2/onedrive/pulpit/uczelnia/stm32/stm32cubeide_1.10.1/stm32cubeide/plugins/com.st.stm32cube.ide.mcu.externaltools.gnu-tools-for-stm32.10.3-2021.10.win32_1.0.0.202111181127/tools/bin/../lib/gcc/arm-none-eabi/10.3.1/thumb/v7e-m+fp/hard\libgcc.a(_udivmoddi4.o)
                              c:/users/4mzr2/onedrive/pulpit/uczelnia/stm32/stm32cubeide_1.10.1/stm32cubeide/plugins/com.st.stm32cube.ide.mcu.externaltools.gnu-tools-for-stm32.10.3-2021.10.win32_1.0.0.202111181127/tools/bin/../lib/gcc/arm-none-eabi/10.3.1/thumb/v7e-m+fp/hard\libgcc.a(_aeabi_uldivmod.o) (__udivmoddi4)
c:/users/4mzr2/onedrive/pulpit/uczelnia/stm32/stm32cubeide_1.10.1/stm32cubeide/plugins/com.st.stm32cube.ide.mcu.externaltools.gnu-tools-for-stm32.10.3-2021.10.win32_1.0.0.202111181127/tools/bin/../lib/gcc/arm-none-eabi/10.3.1/thumb/v7e-m+fp/hard\libgcc.a(_dvmd_tls.o)
                              c:/users/4mzr2/onedrive/pulpit/uczelnia/stm32/stm32cubeide_1.10.1/stm32cubeide/plugins/com.st.stm32cube.ide.mcu.externaltools.gnu-tools-for-stm32.10.3-2021.10.win32_1.0.0.202111181127/tools/bin/../lib/gcc/arm-none-eabi/10.3.1/thumb/v7e-m+fp/hard\libgcc.a(_aeabi_uldivmod.o) (__aeabi_ldiv0)

Discarded input sections

 .text          0x0000000000000000        0x0 c:/users/4mzr2/onedrive/pulpit/uczelnia/stm32/stm32cubeide_1.10.1/stm32cubeide/plugins/com.st.stm32cube.ide.mcu.externaltools.gnu-tools-for-stm32.10.3-2021.10.win32_1.0.0.202111181127/tools/bin/../lib/gcc/arm-none-eabi/10.3.1/thumb/v7e-m+fp/hard/crti.o
[...]
Memory Configuration

Name             Origin             Length             Attributes
RAM              0x0000000020000000 0x0000000000010000 xrw
RAM2             0x0000000010000000 0x0000000000004000 xrw
FLASH            0x0000000008000000 0x0000000000040000 xr
*default*        0x0000000000000000 0xffffffffffffffff

Linker script and memory map

LOAD c:/users/4mzr2/onedrive/pulpit/uczelnia/stm32/stm32cubeide_1.10.1/stm32cubeide/plugins/com.st.stm32cube.ide.mcu.externaltools.gnu-tools-for-stm32.10.3-2021.10.win32_1.0.0.202111181127/tools/bin/../lib/gcc/arm-none-eabi/10.3.1/thumb/v7e-m+fp/hard/crti.o
LOAD c:/users/4mzr2/onedrive/pulpit/uczelnia/stm32/stm32cubeide_1.10.1/stm32cubeide/plugins/com.st.stm32cube.ide.mcu.externaltools.gnu-tools-for-stm32.10.3-2021.10.win32_1.0.0.202111181127/tools/bin/../lib/gcc/arm-none-eabi/10.3.1/thumb/v7e-m+fp/hard/crtbegin.o
LOAD c:/users/4mzr2/onedrive/pulpit/uczelnia/stm32/stm32cubeide_1.10.1/stm32cubeide/plugins/com.st.stm32cube.ide.mcu.externaltools.gnu-tools-for-stm32.10.3-2021.10.win32_1.0.0.202111181127/tools/bin/../lib/gcc/arm-none-eabi/10.3.1/../../../../arm-none-eabi/lib/thumb/v7e-m+fp/hard/crt0.o
LOAD ./Core/Src/MKS42Dcommands.o
LOAD ./Core/Src/gpio.o
LOAD ./Core/Src/main.o
LOAD ./Core/Src/stm32l4xx_hal_msp.o
LOAD ./Core/Src/stm32l4xx_it.o
LOAD ./Core/Src/syscalls.o
LOAD ./Core/Src/sysmem.o
LOAD ./Core/Src/system_stm32l4xx.o
LOAD ./Core/Src/usart.o
LOAD ./Core/Startup/startup_stm32l432kcux.o
LOAD ./Drivers/STM32L4xx_HAL_Driver/Src/stm32l4xx_hal.o
LOAD ./Drivers/STM32L4xx_HAL_Driver/Src/stm32l4xx_hal_cortex.o
LOAD ./Drivers/STM32L4xx_HAL_Driver/Src/stm32l4xx_hal_dma.o
LOAD ./Drivers/STM32L4xx_HAL_Driver/Src/stm32l4xx_hal_dma_ex.o
LOAD ./Drivers/STM32L4xx_HAL_Driver/Src/stm32l4xx_hal_exti.o
LOAD ./Drivers/STM32L4xx_HAL_Driver/Src/stm32l4xx_hal_flash.o
LOAD ./Drivers/STM32L4xx_HAL_Driver/Src/stm32l4xx_hal_flash_ex.o
LOAD ./Drivers/STM32L4xx_HAL_Driver/Src/stm32l4xx_hal_flash_ramfunc.o
LOAD ./Drivers/STM32L4xx_HAL_Driver/Src/stm32l4xx_hal_gpio.o
LOAD ./Drivers/STM32L4xx_HAL_Driver/Src/stm32l4xx_hal_i2c.o
LOAD ./Drivers/STM32L4xx_HAL_Driver/Src/stm32l4xx_hal_i2c_ex.o
LOAD ./Drivers/STM32L4xx_HAL_Driver/Src/stm32l4xx_hal_pwr.o
LOAD ./Drivers/STM32L4xx_HAL_Driver/Src/stm32l4xx_hal_pwr_ex.o
LOAD ./Drivers/STM32L4xx_HAL_Driver/Src/stm32l4xx_hal_rcc.o
LOAD ./Drivers/STM32L4xx_HAL_Driver/Src/stm32l4xx_hal_rcc_ex.o
LOAD ./Drivers/STM32L4xx_HAL_Driver/Src/stm32l4xx_hal_uart.o
LOAD ./Drivers/STM32L4xx_HAL_Driver/Src/stm32l4xx_hal_uart_ex.o
START GROUP
LOAD c:/users/4mzr2/onedrive/pulpit/uczelnia/stm32/stm32cubeide_1.10.1/stm32cubeide/plugins/com.st.stm32cube.ide.mcu.externaltools.gnu-tools-for-stm32.10.3-2021.10.win32_1.0.0.202111181127/tools/bin/../lib/gcc/arm-none-eabi/10.3.1/../../../../arm-none-eabi/lib/thumb/v7e-m+fp/hard\libc_nano.a
LOAD c:/users/4mzr2/onedrive/pulpit/uczelnia/stm32/stm32cubeide_1.10.1/stm32cubeide/plugins/com.st.stm32cube.ide.mcu.externaltools.gnu-tools-for-stm32.10.3-2021.10.win32_1.0.0.202111181127/tools/bin/../lib/gcc/arm-none-eabi/10.3.1/../../../../arm-none-eabi/lib/thumb/v7e-m+fp/hard\libm.a
END GROUP
START GROUP
LOAD c:/users/4mzr2/onedrive/pulpit/uczelnia/stm32/stm32cubeide_1.10.1/stm32cubeide/plugins/com.st.stm32cube.ide.mcu.externaltools.gnu-tools-for-stm32.10.3-2021.10.win32_1.0.0.202111181127/tools/bin/../lib/gcc/arm-none-eabi/10.3.1/thumb/v7e-m+fp/hard\libgcc.a
LOAD c:/users/4mzr2/onedrive/pulpit/uczelnia/stm32/stm32cubeide_1.10.1/stm32cubeide/plugins/com.st.stm32cube.ide.mcu.externaltools.gnu-tools-for-stm32.10.3-2021.10.win32_1.0.0.202111181127/tools/bin/../lib/gcc/arm-none-eabi/10.3.1/../../../../arm-none-eabi/lib/thumb/v7e-m+fp/hard\libc_nano.a
END GROUP
START GROUP
LOAD c:/users/4mzr2/onedrive/pulpit/uczelnia/stm32/stm32cubeide_1.10.1/stm32cubeide/plugins/com.st.stm32cube.ide.mcu.externaltools.gnu-tools-for-stm32.10.3-2021.10.win32_1.0.0.202111181127/tools/bin/../lib/gcc/arm-none-eabi/10.3.1/thumb/v7e-m+fp/hard\libgcc.a
LOAD c:/users/4mzr2/onedrive/pulpit/uczelnia/stm32/stm32cubeide_1.10.1/stm32cubeide/plugins/com.st.stm32cube.ide.mcu.externaltools.gnu-tools-for-stm32.10.3-2021.10.win32_1.0.0.202111181127/tools/bin/../lib/gcc/arm-none-eabi/10.3.1/../../../../arm-none-eabi/lib/thumb/v7e-m+fp/hard\libc_nano.a
LOAD c:/users/4mzr2/onedrive/pulpit/uczelnia/stm32/stm32cubeide_1.10.1/stm32cubeide/plugins/com.st.stm32cube.ide.mcu.externaltools.gnu-tools-for-stm32.10.3-2021.10.win32_1.0.0.202111181127/tools/bin/../lib/gcc/arm-none-eabi/10.3.1/../../../../arm-none-eabi/lib/thumb/v7e-m+fp/hard\libnosys.a
END GROUP
START GROUP
LOAD c:/users/4mzr2/onedrive/pulpit/uczelnia/stm32/stm32cubeide_1.10.1/stm32cubeide/plugins/com.st.stm32cube.ide.mcu.externaltools.gnu-tools-for-stm32.10.3-2021.10.win32_1.0.0.202111181127/tools/bin/../lib/gcc/arm-none-eabi/10.3.1/thumb/v7e-m+fp/hard\libgcc.a
LOAD c:/users/4mzr2/onedrive/pulpit/uczelnia/stm32/stm32cubeide_1.10.1/stm32cubeide/plugins/com.st.stm32cube.ide.mcu.externaltools.gnu-tools-for-stm32.10.3-2021.10.win32_1.0.0.202111181127/tools/bin/../lib/gcc/arm-none-eabi/10.3.1/../../../../arm-none-eabi/lib/thumb/v7e-m+fp/hard\libc_nano.a
LOAD c:/users/4mzr2/onedrive/pulpit/uczelnia/stm32/stm32cubeide_1.10.1/stm32cubeide/plugins/com.st.stm32cube.ide.mcu.externaltools.gnu-tools-for-stm32.10.3-2021.10.win32_1.0.0.202111181127/tools/bin/../lib/gcc/arm-none-eabi/10.3.1/../../../../arm-none-eabi/lib/thumb/v7e-m+fp/hard\libnosys.a
END GROUP
LOAD c:/users/4mzr2/onedrive/pulpit/uczelnia/stm32/stm32cubeide_1.10.1/stm32cubeide/plugins/com.st.stm32cube.ide.mcu.externaltools.gnu-tools-for-stm32.10.3-2021.10.win32_1.0.0.202111181127/tools/bin/../lib/gcc/arm-none-eabi/10.3.1/thumb/v7e-m+fp/hard/crtend.o
LOAD c:/users/4mzr2/onedrive/pulpit/uczelnia/stm32/stm32cubeide_1.10.1/stm32cubeide/plugins/com.st.stm32cube.ide.mcu.externaltools.gnu-tools-for-stm32.10.3-2021.10.win32_1.0.0.202111181127/tools/bin/../lib/gcc/arm-none-eabi/10.3.1/thumb/v7e-m+fp/hard/crtn.o
                0x0000000020010000                _estack = (ORIGIN (RAM) + LENGTH (RAM))
                0x0000000000000200                _Min_Heap_Size = 0x200
                0x0000000000000400                _Min_Stack_Size = 0x400

.isr_vector     0x0000000008000000      0x18c
                0x0000000008000000                . = ALIGN (0x4)
 *(.isr_vector)
 .isr_vector    0x0000000008000000      0x18c ./Core/Startup/startup_stm32l432kcux.o
                0x0000000008000000                g_pfnVectors
                0x000000000800018c                . = ALIGN (0x4)

.text           0x000000000800018c     0x3c60
                0x000000000800018c                . = ALIGN (0x4)
 *(.text)
 .text          0x000000000800018c       0x40 c:/users/4mzr2/onedrive/pulpit/uczelnia/stm32/stm32cubeide_1.10.1/stm32cubeide/plugins/com.st.stm32cube.ide.mcu.externaltools.gnu-tools-for-stm32.10.3-2021.10.win32_1.0.0.202111181127/tools/bin/../lib/gcc/arm-none-eabi/10.3.1/thumb/v7e-m+fp/hard/crtbegin.o
 .text          0x00000000080001cc       0x30 c:/users/4mzr2/onedrive/pulpit/uczelnia/stm32/stm32cubeide_1.10.1/stm32cubeide/plugins/com.st.stm32cube.ide.mcu.externaltools.gnu-tools-for-stm32.10.3-2021.10.win32_1.0.0.202111181127/tools/bin/../lib/gcc/arm-none-eabi/10.3.1/thumb/v7e-m+fp/hard\libgcc.a(_aeabi_uldivmod.o)
                0x00000000080001cc                __aeabi_uldivmod
 .text          0x00000000080001fc      0x2d0 c:/users/4mzr2/onedrive/pulpit/uczelnia/stm32/stm32cubeide_1.10.1/stm32cubeide/plugins/com.st.stm32cube.ide.mcu.externaltools.gnu-tools-for-stm32.10.3-2021.10.win32_1.0.0.202111181127/tools/bin/../lib/gcc/arm-none-eabi/10.3.1/thumb/v7e-m+fp/hard\libgcc.a(_udivmoddi4.o)
                0x00000000080001fc                __udivmoddi4
 .text          0x00000000080004cc        0x4 c:/users/4mzr2/onedrive/pulpit/uczelnia/stm32/stm32cubeide_1.10.1/stm32cubeide/plugins/com.st.stm32cube.ide.mcu.externaltools.gnu-tools-for-stm32.10.3-2021.10.win32_1.0.0.202111181127/tools/bin/../lib/gcc/arm-none-eabi/10.3.1/thumb/v7e-m+fp/hard\libgcc.a(_dvmd_tls.o)
                0x00000000080004cc                __aeabi_idiv0
                0x00000000080004cc                __aeabi_ldiv0
 *(.text*)
 .text.HAL_UART_RxCpltCallback
                0x00000000080004d0       0x50 ./Core/Src/MKS42Dcommands.o
                0x00000000080004d0                HAL_UART_RxCpltCallback
 .text.CRC_calc
                0x0000000008000520       0x44 ./Core/Src/MKS42Dcommands.o
                0x0000000008000520                CRC_calc
 .text.MKS_read_param
                0x0000000008000564       0x78 ./Core/Src/MKS42Dcommands.o
                0x0000000008000564                MKS_read_param
 .text.MKS_set_param
                0x00000000080005dc       0x78 ./Core/Src/MKS42Dcommands.o
                0x00000000080005dc                MKS_set_param
 .text.MKS_set_rotation_speed
                0x0000000008000654       0x90 ./Core/Src/MKS42Dcommands.o
                0x0000000008000654                MKS_set_rotation_speed
 .text.MKS_stop
                0x00000000080006e4       0x64 ./Core/Src/MKS42Dcommands.o
                0x00000000080006e4                MKS_stop
 .text.MX_GPIO_Init
                0x0000000008000748       0x30 ./Core/Src/gpio.o
                0x0000000008000748                MX_GPIO_Init
 .text.main     0x0000000008000778      0x1d8 ./Core/Src/main.o
                0x0000000008000778                main
 .text.SystemClock_Config
                0x0000000008000950       0xa4 ./Core/Src/main.o
                0x0000000008000950                SystemClock_Config
 .text.Error_Handler
                0x00000000080009f4        0xa ./Core/Src/main.o
                0x00000000080009f4                Error_Handler
 *fill*         0x00000000080009fe        0x2 
 .text.HAL_MspInit
                0x0000000008000a00       0x48 ./Core/Src/stm32l4xx_hal_msp.o
                0x0000000008000a00                HAL_MspInit
 .text.NMI_Handler
                0x0000000008000a48        0x6 ./Core/Src/stm32l4xx_it.o
                0x0000000008000a48                NMI_Handler
 .text.HardFault_Handler
                0x0000000008000a4e        0x6 ./Core/Src/stm32l4xx_it.o
                0x0000000008000a4e                HardFault_Handler
 .text.MemManage_Handler
                0x0000000008000a54        0x6 ./Core/Src/stm32l4xx_it.o
                0x0000000008000a54                MemManage_Handler
 .text.BusFault_Handler
                0x0000000008000a5a        0x6 ./Core/Src/stm32l4xx_it.o
                0x0000000008000a5a                BusFault_Handler
 .text.UsageFault_Handler
                0x0000000008000a60        0x6 ./Core/Src/stm32l4xx_it.o
                0x0000000008000a60                UsageFault_Handler
 .text.SVC_Handler
                0x0000000008000a66        0xe ./Core/Src/stm32l4xx_it.o
                0x0000000008000a66                SVC_Handler
 .text.DebugMon_Handler
                0x0000000008000a74        0xe ./Core/Src/stm32l4xx_it.o
                0x0000000008000a74                DebugMon_Handler
 .text.PendSV_Handler
                0x0000000008000a82        0xe ./Core/Src/stm32l4xx_it.o
                0x0000000008000a82                PendSV_Handler
 .text.SysTick_Handler
                0x0000000008000a90        0xc ./Core/Src/stm32l4xx_it.o
                0x0000000008000a90                SysTick_Handler
 .text.USART1_IRQHandler
                0x0000000008000a9c       0x14 ./Core/Src/stm32l4xx_it.o
                0x0000000008000a9c                USART1_IRQHandler
 .text.SystemInit
                0x0000000008000ab0       0x24 ./Core/Src/system_stm32l4xx.o
                0x0000000008000ab0                SystemInit
 .text.MX_USART1_UART_Init
                0x0000000008000ad4       0x60 ./Core/Src/usart.o
                0x0000000008000ad4                MX_USART1_UART_Init
 .text.HAL_UART_MspInit
                0x0000000008000b34       0xc0 ./Core/Src/usart.o
                0x0000000008000b34                HAL_UART_MspInit
 .text.Reset_Handler
                0x0000000008000bf4       0x50 ./Core/Startup/startup_stm32l432kcux.o
                0x0000000008000bf4                Reset_Handler
 .text.Default_Handler
                0x0000000008000c44        0x2 ./Core/Startup/startup_stm32l432kcux.o
                0x0000000008000c44                RTC_Alarm_IRQHandler
                0x0000000008000c44                EXTI2_IRQHandler
                0x0000000008000c44                TIM1_CC_IRQHandler
                0x0000000008000c44                TSC_IRQHandler
                0x0000000008000c44                TAMP_STAMP_IRQHandler
                0x0000000008000c44                EXTI3_IRQHandler
                0x0000000008000c44                LPTIM2_IRQHandler
                0x0000000008000c44                I2C3_ER_IRQHandler
                0x0000000008000c44                EXTI0_IRQHandler
                0x0000000008000c44                CAN1_RX0_IRQHandler
                0x0000000008000c44                FPU_IRQHandler
                0x0000000008000c44                TIM1_UP_TIM16_IRQHandler
                0x0000000008000c44                SPI1_IRQHandler
                0x0000000008000c44                TIM6_DAC_IRQHandler
                0x0000000008000c44                DMA2_Channel2_IRQHandler
                0x0000000008000c44                DMA1_Channel4_IRQHandler
                0x0000000008000c44                ADC1_IRQHandler
                0x0000000008000c44                DMA1_Channel7_IRQHandler
                0x0000000008000c44                CAN1_RX1_IRQHandler
                0x0000000008000c44                DMA2_Channel1_IRQHandler
                0x0000000008000c44                QUADSPI_IRQHandler
                0x0000000008000c44                I2C1_EV_IRQHandler
                0x0000000008000c44                DMA1_Channel6_IRQHandler
                0x0000000008000c44                DMA2_Channel4_IRQHandler
                0x0000000008000c44                RCC_IRQHandler
                0x0000000008000c44                TIM1_TRG_COM_IRQHandler
                0x0000000008000c44                DMA1_Channel1_IRQHandler
                0x0000000008000c44                Default_Handler
                0x0000000008000c44                DMA2_Channel7_IRQHandler
                0x0000000008000c44                EXTI15_10_IRQHandler
                0x0000000008000c44                TIM7_IRQHandler
                0x0000000008000c44                I2C3_EV_IRQHandler
                0x0000000008000c44                USB_IRQHandler
                0x0000000008000c44                EXTI9_5_IRQHandler
                0x0000000008000c44                RTC_WKUP_IRQHandler
                0x0000000008000c44                PVD_PVM_IRQHandler
                0x0000000008000c44                CAN1_TX_IRQHandler
                0x0000000008000c44                DMA2_Channel5_IRQHandler
                0x0000000008000c44                CRS_IRQHandler
                0x0000000008000c44                DMA1_Channel5_IRQHandler
                0x0000000008000c44                EXTI4_IRQHandler
                0x0000000008000c44                RNG_IRQHandler
                0x0000000008000c44                DMA1_Channel3_IRQHandler
                0x0000000008000c44                COMP_IRQHandler
                0x0000000008000c44                WWDG_IRQHandler
                0x0000000008000c44                LPUART1_IRQHandler
                0x0000000008000c44                DMA2_Channel6_IRQHandler
                0x0000000008000c44                TIM2_IRQHandler
                0x0000000008000c44                EXTI1_IRQHandler
                0x0000000008000c44                USART2_IRQHandler
                0x0000000008000c44                DMA1_Channel2_IRQHandler
                0x0000000008000c44                CAN1_SCE_IRQHandler
                0x0000000008000c44                FLASH_IRQHandler
                0x0000000008000c44                SPI3_IRQHandler
                0x0000000008000c44                I2C1_ER_IRQHandler
                0x0000000008000c44                SWPMI1_IRQHandler
                0x0000000008000c44                LPTIM1_IRQHandler
                0x0000000008000c44                SAI1_IRQHandler
                0x0000000008000c44                DMA2_Channel3_IRQHandler
                0x0000000008000c44                TIM1_BRK_TIM15_IRQHandler
 .text.HAL_Init
                0x0000000008000c46       0x30 ./Drivers/STM32L4xx_HAL_Driver/Src/stm32l4xx_hal.o
                0x0000000008000c46                HAL_Init
 *fill*         0x0000000008000c76        0x2 
 .text.HAL_InitTick
                0x0000000008000c78       0x78 ./Drivers/STM32L4xx_HAL_Driver/Src/stm32l4xx_hal.o
                0x0000000008000c78                HAL_InitTick
 .text.HAL_IncTick
                0x0000000008000cf0       0x28 ./Drivers/STM32L4xx_HAL_Driver/Src/stm32l4xx_hal.o
                0x0000000008000cf0                HAL_IncTick
 .text.HAL_GetTick
                0x0000000008000d18       0x18 ./Drivers/STM32L4xx_HAL_Driver/Src/stm32l4xx_hal.o
                0x0000000008000d18                HAL_GetTick
 .text.HAL_Delay
                0x0000000008000d30       0x48 ./Drivers/STM32L4xx_HAL_Driver/Src/stm32l4xx_hal.o
                0x0000000008000d30                HAL_Delay
 .text.__NVIC_SetPriorityGrouping
                0x0000000008000d78       0x48 ./Drivers/STM32L4xx_HAL_Driver/Src/stm32l4xx_hal_cortex.o
 .text.__NVIC_GetPriorityGrouping
                0x0000000008000dc0       0x1c ./Drivers/STM32L4xx_HAL_Driver/Src/stm32l4xx_hal_cortex.o
 .text.__NVIC_EnableIRQ
                0x0000000008000ddc       0x3c ./Drivers/STM32L4xx_HAL_Driver/Src/stm32l4xx_hal_cortex.o
 .text.__NVIC_SetPriority
                0x0000000008000e18       0x54 ./Drivers/STM32L4xx_HAL_Driver/Src/stm32l4xx_hal_cortex.o
 .text.NVIC_EncodePriority
                0x0000000008000e6c       0x66 ./Drivers/STM32L4xx_HAL_Driver/Src/stm32l4xx_hal_cortex.o
 *fill*         0x0000000008000ed2        0x2 
 .text.SysTick_Config
                0x0000000008000ed4       0x44 ./Drivers/STM32L4xx_HAL_Driver/Src/stm32l4xx_hal_cortex.o
 .text.HAL_NVIC_SetPriorityGrouping
                0x0000000008000f18       0x16 ./Drivers/STM32L4xx_HAL_Driver/Src/stm32l4xx_hal_cortex.o
                0x0000000008000f18                HAL_NVIC_SetPriorityGrouping
 .text.HAL_NVIC_SetPriority
                0x0000000008000f2e       0x38 ./Drivers/STM32L4xx_HAL_Driver/Src/stm32l4xx_hal_cortex.o
                0x0000000008000f2e                HAL_NVIC_SetPriority
 .text.HAL_NVIC_EnableIRQ
                0x0000000008000f66       0x1c ./Drivers/STM32L4xx_HAL_Driver/Src/stm32l4xx_hal_cortex.o
                0x0000000008000f66                HAL_NVIC_EnableIRQ
 .text.HAL_SYSTICK_Config
                0x0000000008000f82       0x18 ./Drivers/STM32L4xx_HAL_Driver/Src/stm32l4xx_hal_cortex.o
                0x0000000008000f82                HAL_SYSTICK_Config
 .text.HAL_DMA_Abort
                0x0000000008000f9a       0x7c ./Drivers/STM32L4xx_HAL_Driver/Src/stm32l4xx_hal_dma.o
                0x0000000008000f9a                HAL_DMA_Abort
 .text.HAL_DMA_Abort_IT
                0x0000000008001016       0x82 ./Drivers/STM32L4xx_HAL_Driver/Src/stm32l4xx_hal_dma.o
                0x0000000008001016                HAL_DMA_Abort_IT
 .text.HAL_GPIO_Init
                0x0000000008001098      0x2d4 ./Drivers/STM32L4xx_HAL_Driver/Src/stm32l4xx_hal_gpio.o
                0x0000000008001098                HAL_GPIO_Init
 .text.HAL_PWREx_GetVoltageRange
                0x000000000800136c       0x1c ./Drivers/STM32L4xx_HAL_Driver/Src/stm32l4xx_hal_pwr_ex.o
                0x000000000800136c                HAL_PWREx_GetVoltageRange
 .text.HAL_PWREx_ControlVoltageScaling
                0x0000000008001388       0xac ./Drivers/STM32L4xx_HAL_Driver/Src/stm32l4xx_hal_pwr_ex.o
                0x0000000008001388                HAL_PWREx_ControlVoltageScaling
 .text.HAL_RCC_OscConfig
                0x0000000008001434      0x828 ./Drivers/STM32L4xx_HAL_Driver/Src/stm32l4xx_hal_rcc.o
                0x0000000008001434                HAL_RCC_OscConfig
 .text.HAL_RCC_ClockConfig
                0x0000000008001c5c      0x200 ./Drivers/STM32L4xx_HAL_Driver/Src/stm32l4xx_hal_rcc.o
                0x0000000008001c5c                HAL_RCC_ClockConfig
 .text.HAL_RCC_GetSysClockFreq
                0x0000000008001e5c      0x118 ./Drivers/STM32L4xx_HAL_Driver/Src/stm32l4xx_hal_rcc.o
                0x0000000008001e5c                HAL_RCC_GetSysClockFreq
 .text.HAL_RCC_GetHCLKFreq
                0x0000000008001f74       0x18 ./Drivers/STM32L4xx_HAL_Driver/Src/stm32l4xx_hal_rcc.o
                0x0000000008001f74                HAL_RCC_GetHCLKFreq
 .text.HAL_RCC_GetPCLK1Freq
                0x0000000008001f8c       0x2c ./Drivers/STM32L4xx_HAL_Driver/Src/stm32l4xx_hal_rcc.o
                0x0000000008001f8c                HAL_RCC_GetPCLK1Freq
 .text.HAL_RCC_GetPCLK2Freq
                0x0000000008001fb8       0x2c ./Drivers/STM32L4xx_HAL_Driver/Src/stm32l4xx_hal_rcc.o
                0x0000000008001fb8                HAL_RCC_GetPCLK2Freq
 .text.RCC_SetFlashLatencyFromMSIRange
                0x0000000008001fe4       0xc0 ./Drivers/STM32L4xx_HAL_Driver/Src/stm32l4xx_hal_rcc.o
 .text.HAL_RCCEx_PeriphCLKConfig
                0x00000000080020a4      0x3ec ./Drivers/STM32L4xx_HAL_Driver/Src/stm32l4xx_hal_rcc_ex.o
                0x00000000080020a4                HAL_RCCEx_PeriphCLKConfig
 .text.RCCEx_PLLSAI1_Config
                0x0000000008002490      0x1e4 ./Drivers/STM32L4xx_HAL_Driver/Src/stm32l4xx_hal_rcc_ex.o
 .text.HAL_UART_Init
                0x0000000008002674       0x9c ./Drivers/STM32L4xx_HAL_Driver/Src/stm32l4xx_hal_uart.o
                0x0000000008002674                HAL_UART_Init
 .text.HAL_UART_Transmit_IT
                0x0000000008002710       0xdc ./Drivers/STM32L4xx_HAL_Driver/Src/stm32l4xx_hal_uart.o
                0x0000000008002710                HAL_UART_Transmit_IT
 .text.HAL_UART_Receive_IT
                0x00000000080027ec       0xac ./Drivers/STM32L4xx_HAL_Driver/Src/stm32l4xx_hal_uart.o
                0x00000000080027ec                HAL_UART_Receive_IT
 .text.HAL_UART_IRQHandler
                0x0000000008002898      0x5c4 ./Drivers/STM32L4xx_HAL_Driver/Src/stm32l4xx_hal_uart.o
                0x0000000008002898                HAL_UART_IRQHandler
 .text.HAL_UART_TxCpltCallback
                0x0000000008002e5c       0x14 ./Drivers/STM32L4xx_HAL_Driver/Src/stm32l4xx_hal_uart.o
                0x0000000008002e5c                HAL_UART_TxCpltCallback
 .text.HAL_UART_ErrorCallback
                0x0000000008002e70       0x14 ./Drivers/STM32L4xx_HAL_Driver/Src/stm32l4xx_hal_uart.o
                0x0000000008002e70                HAL_UART_ErrorCallback
 .text.HAL_UARTEx_RxEventCallback
                0x0000000008002e84       0x18 ./Drivers/STM32L4xx_HAL_Driver/Src/stm32l4xx_hal_uart.o
                0x0000000008002e84                HAL_UARTEx_RxEventCallback
 .text.UART_SetConfig
                0x0000000008002e9c      0x458 ./Drivers/STM32L4xx_HAL_Driver/Src/stm32l4xx_hal_uart.o
                0x0000000008002e9c                UART_SetConfig
 .text.UART_AdvFeatureConfig
                0x00000000080032f4      0x144 ./Drivers/STM32L4xx_HAL_Driver/Src/stm32l4xx_hal_uart.o
                0x00000000080032f4                UART_AdvFeatureConfig
 .text.UART_CheckIdleState
                0x0000000008003438       0x92 ./Drivers/STM32L4xx_HAL_Driver/Src/stm32l4xx_hal_uart.o
                0x0000000008003438                UART_CheckIdleState
 .text.UART_WaitOnFlagUntilTimeout
                0x00000000080034ca      0x188 ./Drivers/STM32L4xx_HAL_Driver/Src/stm32l4xx_hal_uart.o
                0x00000000080034ca                UART_WaitOnFlagUntilTimeout
 *fill*         0x0000000008003652        0x2 
 .text.UART_Start_Receive_IT
                0x0000000008003654      0x194 ./Drivers/STM32L4xx_HAL_Driver/Src/stm32l4xx_hal_uart.o
                0x0000000008003654                UART_Start_Receive_IT
 .text.UART_EndRxTransfer
                0x00000000080037e8       0xc6 ./Drivers/STM32L4xx_HAL_Driver/Src/stm32l4xx_hal_uart.o
 .text.UART_DMAAbortOnError
                0x00000000080038ae       0x2c ./Drivers/STM32L4xx_HAL_Driver/Src/stm32l4xx_hal_uart.o
 .text.UART_TxISR_8BIT
                0x00000000080038da       0xb8 ./Drivers/STM32L4xx_HAL_Driver/Src/stm32l4xx_hal_uart.o
 .text.UART_TxISR_16BIT
                0x0000000008003992       0xc0 ./Drivers/STM32L4xx_HAL_Driver/Src/stm32l4xx_hal_uart.o
 .text.UART_EndTransmit_IT
                0x0000000008003a52       0x54 ./Drivers/STM32L4xx_HAL_Driver/Src/stm32l4xx_hal_uart.o
 .text.UART_RxISR_8BIT
                0x0000000008003aa6      0x160 ./Drivers/STM32L4xx_HAL_Driver/Src/stm32l4xx_hal_uart.o
 .text.UART_RxISR_16BIT
                0x0000000008003c06      0x160 ./Drivers/STM32L4xx_HAL_Driver/Src/stm32l4xx_hal_uart.o
 .text.HAL_UARTEx_WakeupCallback
                0x0000000008003d66       0x14 ./Drivers/STM32L4xx_HAL_Driver/Src/stm32l4xx_hal_uart_ex.o
                0x0000000008003d66                HAL_UARTEx_WakeupCallback
 *fill*         0x0000000008003d7a        0x2 
 .text.__libc_init_array
                0x0000000008003d7c       0x48 c:/users/4mzr2/onedrive/pulpit/uczelnia/stm32/stm32cubeide_1.10.1/stm32cubeide/plugins/com.st.stm32cube.ide.mcu.externaltools.gnu-tools-for-stm32.10.3-2021.10.win32_1.0.0.202111181127/tools/bin/../lib/gcc/arm-none-eabi/10.3.1/../../../../arm-none-eabi/lib/thumb/v7e-m+fp/hard\libc_nano.a(lib_a-init.o)
                0x0000000008003d7c                __libc_init_array
 .text.memset   0x0000000008003dc4       0x10 c:/users/4mzr2/onedrive/pulpit/uczelnia/stm32/stm32cubeide_1.10.1/stm32cubeide/plugins/com.st.stm32cube.ide.mcu.externaltools.gnu-tools-for-stm32.10.3-2021.10.win32_1.0.0.202111181127/tools/bin/../lib/gcc/arm-none-eabi/10.3.1/../../../../arm-none-eabi/lib/thumb/v7e-m+fp/hard\libc_nano.a(lib_a-memset.o)
                0x0000000008003dc4                memset
 *(.glue_7)
 .glue_7        0x0000000008003dd4        0x0 linker stubs
 *(.glue_7t)
 .glue_7t       0x0000000008003dd4        0x0 linker stubs
 *(.eh_frame)
 .eh_frame      0x0000000008003dd4        0x0 c:/users/4mzr2/onedrive/pulpit/uczelnia/stm32/stm32cubeide_1.10.1/stm32cubeide/plugins/com.st.stm32cube.ide.mcu.externaltools.gnu-tools-for-stm32.10.3-2021.10.win32_1.0.0.202111181127/tools/bin/../lib/gcc/arm-none-eabi/10.3.1/thumb/v7e-m+fp/hard/crtbegin.o
 *(.init)
 .init          0x0000000008003dd4        0x4 c:/users/4mzr2/onedrive/pulpit/uczelnia/stm32/stm32cubeide_1.10.1/stm32cubeide/plugins/com.st.stm32cube.ide.mcu.externaltools.gnu-tools-for-stm32.10.3-2021.10.win32_1.0.0.202111181127/tools/bin/../lib/gcc/arm-none-eabi/10.3.1/thumb/v7e-m+fp/hard/crti.o
                0x0000000008003dd4                _init
 .init          0x0000000008003dd8        0x8 c:/users/4mzr2/onedrive/pulpit/uczelnia/stm32/stm32cubeide_1.10.1/stm32cubeide/plugins/com.st.stm32cube.ide.mcu.externaltools.gnu-tools-for-stm32.10.3-2021.10.win32_1.0.0.202111181127/tools/bin/../lib/gcc/arm-none-eabi/10.3.1/thumb/v7e-m+fp/hard/crtn.o
 *(.fini)
 .fini          0x0000000008003de0        0x4 c:/users/4mzr2/onedrive/pulpit/uczelnia/stm32/stm32cubeide_1.10.1/stm32cubeide/plugins/com.st.stm32cube.ide.mcu.externaltools.gnu-tools-for-stm32.10.3-2021.10.win32_1.0.0.202111181127/tools/bin/../lib/gcc/arm-none-eabi/10.3.1/thumb/v7e-m+fp/hard/crti.o
                0x0000000008003de0                _fini
 .fini          0x0000000008003de4        0x8 c:/users/4mzr2/onedrive/pulpit/uczelnia/stm32/stm32cubeide_1.10.1/stm32cubeide/plugins/com.st.stm32cube.ide.mcu.externaltools.gnu-tools-for-stm32.10.3-2021.10.win32_1.0.0.202111181127/tools/bin/../lib/gcc/arm-none-eabi/10.3.1/thumb/v7e-m+fp/hard/crtn.o
                0x0000000008003dec                . = ALIGN (0x4)
                0x0000000008003dec                _etext = .

.vfp11_veneer   0x0000000008003dec        0x0
 .vfp11_veneer  0x0000000008003dec        0x0 linker stubs

.v4_bx          0x0000000008003dec        0x0
 .v4_bx         0x0000000008003dec        0x0 linker stubs

.iplt           0x0000000008003dec        0x0
 .iplt          0x0000000008003dec        0x0 c:/users/4mzr2/onedrive/pulpit/uczelnia/stm32/stm32cubeide_1.10.1/stm32cubeide/plugins/com.st.stm32cube.ide.mcu.externaltools.gnu-tools-for-stm32.10.3-2021.10.win32_1.0.0.202111181127/tools/bin/../lib/gcc/arm-none-eabi/10.3.1/thumb/v7e-m+fp/hard/crtbegin.o

.rodata         0x0000000008003dec       0x48
                0x0000000008003dec                . = ALIGN (0x4)
 *(.rodata)
 *(.rodata*)
 .rodata.AHBPrescTable
                0x0000000008003dec       0x10 ./Core/Src/system_stm32l4xx.o
                0x0000000008003dec                AHBPrescTable
 .rodata.APBPrescTable
                0x0000000008003dfc        0x8 ./Core/Src/system_stm32l4xx.o
                0x0000000008003dfc                APBPrescTable
 .rodata.MSIRangeTable
                0x0000000008003e04       0x30 ./Core/Src/system_stm32l4xx.o
                0x0000000008003e04                MSIRangeTable
                0x0000000008003e34                . = ALIGN (0x4)

.ARM.extab      0x0000000008003e34        0x0
                0x0000000008003e34                . = ALIGN (0x4)
 *(.ARM.extab* .gnu.linkonce.armextab.*)
                0x0000000008003e34                . = ALIGN (0x4)

.ARM            0x0000000008003e34        0x8
                0x0000000008003e34                . = ALIGN (0x4)
                0x0000000008003e34                __exidx_start = .
 *(.ARM.exidx*)
 .ARM.exidx     0x0000000008003e34        0x8 c:/users/4mzr2/onedrive/pulpit/uczelnia/stm32/stm32cubeide_1.10.1/stm32cubeide/plugins/com.st.stm32cube.ide.mcu.externaltools.gnu-tools-for-stm32.10.3-2021.10.win32_1.0.0.202111181127/tools/bin/../lib/gcc/arm-none-eabi/10.3.1/thumb/v7e-m+fp/hard\libgcc.a(_udivmoddi4.o)
                0x0000000008003e3c                __exidx_end = .
                0x0000000008003e3c                . = ALIGN (0x4)

.rel.dyn        0x0000000008003e3c        0x0
 .rel.iplt      0x0000000008003e3c        0x0 c:/users/4mzr2/onedrive/pulpit/uczelnia/stm32/stm32cubeide_1.10.1/stm32cubeide/plugins/com.st.stm32cube.ide.mcu.externaltools.gnu-tools-for-stm32.10.3-2021.10.win32_1.0.0.202111181127/tools/bin/../lib/gcc/arm-none-eabi/10.3.1/thumb/v7e-m+fp/hard/crtbegin.o

.preinit_array  0x0000000008003e3c        0x0
                0x0000000008003e3c                . = ALIGN (0x4)
                0x0000000008003e3c                PROVIDE (__preinit_array_start = .)
 *(.preinit_array*)
                0x0000000008003e3c                PROVIDE (__preinit_array_end = .)
                0x0000000008003e3c                . = ALIGN (0x4)

.init_array     0x0000000008003e3c        0x4
                0x0000000008003e3c                . = ALIGN (0x4)
                0x0000000008003e3c                PROVIDE (__init_array_start = .)
 *(SORT_BY_NAME(.init_array.*))
 *(.init_array*)
 .init_array    0x0000000008003e3c        0x4 c:/users/4mzr2/onedrive/pulpit/uczelnia/stm32/stm32cubeide_1.10.1/stm32cubeide/plugins/com.st.stm32cube.ide.mcu.externaltools.gnu-tools-for-stm32.10.3-2021.10.win32_1.0.0.202111181127/tools/bin/../lib/gcc/arm-none-eabi/10.3.1/thumb/v7e-m+fp/hard/crtbegin.o
                0x0000000008003e40                PROVIDE (__init_array_end = .)
                0x0000000008003e40                . = ALIGN (0x4)

.fini_array     0x0000000008003e40        0x4
                0x0000000008003e40                . = ALIGN (0x4)
                [!provide]                        PROVIDE (__fini_array_start = .)
 *(SORT_BY_NAME(.fini_array.*))
 *(.fini_array*)
 .fini_array    0x0000000008003e40        0x4 c:/users/4mzr2/onedrive/pulpit/uczelnia/stm32/stm32cubeide_1.10.1/stm32cubeide/plugins/com.st.stm32cube.ide.mcu.externaltools.gnu-tools-for-stm32.10.3-2021.10.win32_1.0.0.202111181127/tools/bin/../lib/gcc/arm-none-eabi/10.3.1/thumb/v7e-m+fp/hard/crtbegin.o
                [!provide]                        PROVIDE (__fini_array_end = .)
                0x0000000008003e44                . = ALIGN (0x4)
                0x0000000008003e44                _sidata = LOADADDR (.data)

.data           0x0000000020000000        0xc load address 0x0000000008003e44
                0x0000000020000000                . = ALIGN (0x4)
                0x0000000020000000                _sdata = .
 *(.data)
 *(.data*)
 .data.SystemCoreClock
                0x0000000020000000        0x4 ./Core/Src/system_stm32l4xx.o
                0x0000000020000000                SystemCoreClock
 .data.uwTickPrio
                0x0000000020000004        0x4 ./Drivers/STM32L4xx_HAL_Driver/Src/stm32l4xx_hal.o
                0x0000000020000004                uwTickPrio
 .data.uwTickFreq
                0x0000000020000008        0x1 ./Drivers/STM32L4xx_HAL_Driver/Src/stm32l4xx_hal.o
                0x0000000020000008                uwTickFreq
 *(.RamFunc)
 *(.RamFunc*)
                0x000000002000000c                . = ALIGN (0x4)
 *fill*         0x0000000020000009        0x3 
                0x000000002000000c                _edata = .

.igot.plt       0x000000002000000c        0x0 load address 0x0000000008003e50
 .igot.plt      0x000000002000000c        0x0 c:/users/4mzr2/onedrive/pulpit/uczelnia/stm32/stm32cubeide_1.10.1/stm32cubeide/plugins/com.st.stm32cube.ide.mcu.externaltools.gnu-tools-for-stm32.10.3-2021.10.win32_1.0.0.202111181127/tools/bin/../lib/gcc/arm-none-eabi/10.3.1/thumb/v7e-m+fp/hard/crtbegin.o
                0x000000002000000c                . = ALIGN (0x4)

.bss            0x000000002000000c       0xdc load address 0x0000000008003e50
                0x000000002000000c                _sbss = .
                0x000000002000000c                __bss_start__ = _sbss
 *(.bss)
 .bss           0x000000002000000c       0x1c c:/users/4mzr2/onedrive/pulpit/uczelnia/stm32/stm32cubeide_1.10.1/stm32cubeide/plugins/com.st.stm32cube.ide.mcu.externaltools.gnu-tools-for-stm32.10.3-2021.10.win32_1.0.0.202111181127/tools/bin/../lib/gcc/arm-none-eabi/10.3.1/thumb/v7e-m+fp/hard/crtbegin.o
 *(.bss*)
 .bss.flag      0x0000000020000028        0x1 ./Core/Src/MKS42Dcommands.o
                0x0000000020000028                flag
 .bss.is_uart_busy
                0x0000000020000029        0x1 ./Core/Src/MKS42Dcommands.o
                0x0000000020000029                is_uart_busy
 *fill*         0x000000002000002a        0x2 
 .bss.transmit  0x000000002000002c        0x8 ./Core/Src/MKS42Dcommands.o
                0x000000002000002c                transmit
 .bss.receive   0x0000000020000034        0x9 ./Core/Src/MKS42Dcommands.o
                0x0000000020000034                receive
 *fill*         0x000000002000003d        0x3 
 .bss.buff      0x0000000020000040        0x2 ./Core/Src/MKS42Dcommands.o
                0x0000000020000040                buff
 .bss.indx      0x0000000020000042        0x1 ./Core/Src/MKS42Dcommands.o
                0x0000000020000042                indx
 *fill*         0x0000000020000043        0x1 
 .bss.encoder_value
                0x0000000020000044        0x2 ./Core/Src/MKS42Dcommands.o
                0x0000000020000044                encoder_value
 *fill*         0x0000000020000046        0x2 
 .bss.encoder_rotations
                0x0000000020000048        0x4 ./Core/Src/MKS42Dcommands.o
                0x0000000020000048                encoder_rotations
 .bss.angle_en  0x000000002000004c        0x4 ./Core/Src/MKS42Dcommands.o
                0x000000002000004c                angle_en
 .bss.read_rotation
                0x0000000020000050        0x4 ./Core/Src/MKS42Dcommands.o
                0x0000000020000050                read_rotation
 .bss.angle     0x0000000020000054        0x4 ./Core/Src/MKS42Dcommands.o
                0x0000000020000054                angle
 .bss.read_error
                0x0000000020000058        0x2 ./Core/Src/MKS42Dcommands.o
                0x0000000020000058                read_error
 *fill*         0x000000002000005a        0x2 
 .bss.angle_err
                0x000000002000005c        0x4 ./Core/Src/MKS42Dcommands.o
                0x000000002000005c                angle_err
 .bss.huart1    0x0000000020000060       0x84 ./Core/Src/usart.o
                0x0000000020000060                huart1
 .bss.uwTick    0x00000000200000e4        0x4 ./Drivers/STM32L4xx_HAL_Driver/Src/stm32l4xx_hal.o
                0x00000000200000e4                uwTick
 *(COMMON)
                0x00000000200000e8                . = ALIGN (0x4)
                0x00000000200000e8                _ebss = .
                0x00000000200000e8                __bss_end__ = _ebss

._user_heap_stack
                0x00000000200000e8      0x600 load address 0x0000000008003e50
                0x00000000200000e8                . = ALIGN (0x8)
                [!provide]                        PROVIDE (end = .)
                0x00000000200000e8                PROVIDE (_end = .)
                0x00000000200002e8                . = (. + _Min_Heap_Size)
 *fill*         0x00000000200000e8      0x200 
                0x00000000200006e8                . = (. + _Min_Stack_Size)
 *fill*         0x00000000200002e8      0x400 
                0x00000000200006e8                . = ALIGN (0x8)

/DISCARD/
 libc.a(*)
 libm.a(*)
 libgcc.a(*)

.ARM.attributes
                0x0000000000000000       0x30
 *(.ARM.attributes)
 .ARM.attributes
                0x0000000000000000       0x1e c:/users/4mzr2/onedrive/pulpit/uczelnia/stm32/stm32cubeide_1.10.1/stm32cubeide/plugins/com.st.stm32cube.ide.mcu.externaltools.gnu-tools-for-stm32.10.3-2021.10.win32_1.0.0.202111181127/tools/bin/../lib/gcc/arm-none-eabi/10.3.1/thumb/v7e-m+fp/hard/crti.o
 .ARM.attributes
                0x000000000000001e       0x34 c:/users/4mzr2/onedrive/pulpit/uczelnia/stm32/stm32cubeide_1.10.1/stm32cubeide/plugins/com.st.stm32cube.ide.mcu.externaltools.gnu-tools-for-stm32.10.3-2021.10.win32_1.0.0.202111181127/tools/bin/../lib/gcc/arm-none-eabi/10.3.1/thumb/v7e-m+fp/hard/crtbegin.o
 .ARM.attributes
                0x0000000000000052       0x34 ./Core/Src/MKS42Dcommands.o
 .ARM.attributes
                0x0000000000000086       0x34 ./Core/Src/gpio.o
 .ARM.attributes
                0x00000000000000ba       0x34 ./Core/Src/main.o
 .ARM.attributes
                0x00000000000000ee       0x34 ./Core/Src/stm32l4xx_hal_msp.o
 .ARM.attributes
                0x0000000000000122       0x34 ./Core/Src/stm32l4xx_it.o
 .ARM.attributes
                0x0000000000000156       0x34 ./Core/Src/system_stm32l4xx.o
 .ARM.attributes
                0x000000000000018a       0x34 ./Core/Src/usart.o
 .ARM.attributes
                0x00000000000001be       0x21 ./Core/Startup/startup_stm32l432kcux.o
 .ARM.attributes
                0x00000000000001df       0x34 ./Drivers/STM32L4xx_HAL_Driver/Src/stm32l4xx_hal.o
 .ARM.attributes
                0x0000000000000213       0x34 ./Drivers/STM32L4xx_HAL_Driver/Src/stm32l4xx_hal_cortex.o
 .ARM.attributes
                0x0000000000000247       0x34 ./Drivers/STM32L4xx_HAL_Driver/Src/stm32l4xx_hal_dma.o
 .ARM.attributes
                0x000000000000027b       0x34 ./Drivers/STM32L4xx_HAL_Driver/Src/stm32l4xx_hal_gpio.o
 .ARM.attributes
                0x00000000000002af       0x34 ./Drivers/STM32L4xx_HAL_Driver/Src/stm32l4xx_hal_pwr_ex.o
 .ARM.attributes
                0x00000000000002e3       0x34 ./Drivers/STM32L4xx_HAL_Driver/Src/stm32l4xx_hal_rcc.o
 .ARM.attributes
                0x0000000000000317       0x34 ./Drivers/STM32L4xx_HAL_Driver/Src/stm32l4xx_hal_rcc_ex.o
 .ARM.attributes
                0x000000000000034b       0x34 ./Drivers/STM32L4xx_HAL_Driver/Src/stm32l4xx_hal_uart.o
 .ARM.attributes
                0x000000000000037f       0x34 ./Drivers/STM32L4xx_HAL_Driver/Src/stm32l4xx_hal_uart_ex.o
 .ARM.attributes
                0x00000000000003b3       0x34 c:/users/4mzr2/onedrive/pulpit/uczelnia/stm32/stm32cubeide_1.10.1/stm32cubeide/plugins/com.st.stm32cube.ide.mcu.externaltools.gnu-tools-for-stm32.10.3-2021.10.win32_1.0.0.202111181127/tools/bin/../lib/gcc/arm-none-eabi/10.3.1/../../../../arm-none-eabi/lib/thumb/v7e-m+fp/hard\libc_nano.a(lib_a-init.o)
 .ARM.attributes
                0x00000000000003e7       0x34 c:/users/4mzr2/onedrive/pulpit/uczelnia/stm32/stm32cubeide_1.10.1/stm32cubeide/plugins/com.st.stm32cube.ide.mcu.externaltools.gnu-tools-for-stm32.10.3-2021.10.win32_1.0.0.202111181127/tools/bin/../lib/gcc/arm-none-eabi/10.3.1/../../../../arm-none-eabi/lib/thumb/v7e-m+fp/hard\libc_nano.a(lib_a-memset.o)
 .ARM.attributes
                0x000000000000041b       0x1e c:/users/4mzr2/onedrive/pulpit/uczelnia/stm32/stm32cubeide_1.10.1/stm32cubeide/plugins/com.st.stm32cube.ide.mcu.externaltools.gnu-tools-for-stm32.10.3-2021.10.win32_1.0.0.202111181127/tools/bin/../lib/gcc/arm-none-eabi/10.3.1/thumb/v7e-m+fp/hard\libgcc.a(_aeabi_uldivmod.o)
 .ARM.attributes
                0x0000000000000439       0x34 c:/users/4mzr2/onedrive/pulpit/uczelnia/stm32/stm32cubeide_1.10.1/stm32cubeide/plugins/com.st.stm32cube.ide.mcu.externaltools.gnu-tools-for-stm32.10.3-2021.10.win32_1.0.0.202111181127/tools/bin/../lib/gcc/arm-none-eabi/10.3.1/thumb/v7e-m+fp/hard\libgcc.a(_udivmoddi4.o)
 .ARM.attributes
                0x000000000000046d       0x1e c:/users/4mzr2/onedrive/pulpit/uczelnia/stm32/stm32cubeide_1.10.1/stm32cubeide/plugins/com.st.stm32cube.ide.mcu.externaltools.gnu-tools-for-stm32.10.3-2021.10.win32_1.0.0.202111181127/tools/bin/../lib/gcc/arm-none-eabi/10.3.1/thumb/v7e-m+fp/hard\libgcc.a(_dvmd_tls.o)
 .ARM.attributes
                0x000000000000048b       0x1e c:/users/4mzr2/onedrive/pulpit/uczelnia/stm32/stm32cubeide_1.10.1/stm32cubeide/plugins/com.st.stm32cube.ide.mcu.externaltools.gnu-tools-for-stm32.10.3-2021.10.win32_1.0.0.202111181127/tools/bin/../lib/gcc/arm-none-eabi/10.3.1/thumb/v7e-m+fp/hard/crtn.o
OUTPUT(MKS42DwithSTM32L432KCU6.elf elf32-littlearm)
LOAD linker stubs
LOAD c:/users/4mzr2/onedrive/pulpit/uczelnia/stm32/stm32cubeide_1.10.1/stm32cubeide/plugins/com.st.stm32cube.ide.mcu.externaltools.gnu-tools-for-stm32.10.3-2021.10.win32_1.0.0.202111181127/tools/bin/../lib/gcc/arm-none-eabi/10.3.1/../../../../arm-none-eabi/lib/thumb/v7e-m+fp/hard\libc.a
LOAD c:/users/4mzr2/onedrive/pulpit/uczelnia/stm32/stm32cubeide_1.10.1/stm32cubeide/plugins/com.st.stm32cube.ide.mcu.externaltools.gnu-tools-for-stm32.10.3-2021.10.win32_1.0.0.202111181127/tools/bin/../lib/gcc/arm-none-eabi/10.3.1/../../../../arm-none-eabi/lib/thumb/v7e-m+fp/hard\libm.a
LOAD c:/users/4mzr2/onedrive/pulpit/uczelnia/stm32/stm32cubeide_1.10.1/stm32cubeide/plugins/com.st.stm32cube.ide.mcu.externaltools.gnu-tools-for-stm32.10.3-2021.10.win32_1.0.0.202111181127/tools/bin/../lib/gcc/arm-none-eabi/10.3.1/thumb/v7e-m+fp/hard\libgcc.a

.debug_info     0x0000000000000000     0xce26
 .debug_info    0x0000000000000000      0x9dd ./Core/Src/MKS42Dcommands.o
 .debug_info    0x00000000000009dd      0x300 ./Core/Src/gpio.o
 .debug_info    0x0000000000000cdd      0xa9e ./Core/Src/main.o
 .debug_info    0x000000000000177b      0x31d ./Core/Src/stm32l4xx_hal_msp.o
 .debug_info    0x0000000000001a98      0x758 ./Core/Src/stm32l4xx_it.o
 .debug_info    0x00000000000021f0      0x5d4 ./Core/Src/system_stm32l4xx.o
 .debug_info    0x00000000000027c4      0xe88 ./Core/Src/usart.o
 .debug_info    0x000000000000364c       0x22 ./Core/Startup/startup_stm32l432kcux.o
 .debug_info    0x000000000000366e      0x9da ./Drivers/STM32L4xx_HAL_Driver/Src/stm32l4xx_hal.o
 .debug_info    0x0000000000004048      0xda3 ./Drivers/STM32L4xx_HAL_Driver/Src/stm32l4xx_hal_cortex.o
 .debug_info    0x0000000000004deb      0x76a ./Drivers/STM32L4xx_HAL_Driver/Src/stm32l4xx_hal_dma.o
 .debug_info    0x0000000000005555      0x821 ./Drivers/STM32L4xx_HAL_Driver/Src/stm32l4xx_hal_gpio.o
 .debug_info    0x0000000000005d76      0x96b ./Drivers/STM32L4xx_HAL_Driver/Src/stm32l4xx_hal_pwr_ex.o
 .debug_info    0x00000000000066e1      0xc97 ./Drivers/STM32L4xx_HAL_Driver/Src/stm32l4xx_hal_rcc.o
 .debug_info    0x0000000000007378      0xf5b ./Drivers/STM32L4xx_HAL_Driver/Src/stm32l4xx_hal_rcc_ex.o
 .debug_info    0x00000000000082d3     0x3d1c ./Drivers/STM32L4xx_HAL_Driver/Src/stm32l4xx_hal_uart.o
 .debug_info    0x000000000000bfef      0xe37 ./Drivers/STM32L4xx_HAL_Driver/Src/stm32l4xx_hal_uart_ex.o

.debug_abbrev   0x0000000000000000     0x1f8b
 .debug_abbrev  0x0000000000000000      0x201 ./Core/Src/MKS42Dcommands.o
 .debug_abbrev  0x0000000000000201       0xb7 ./Core/Src/gpio.o
 .debug_abbrev  0x00000000000002b8      0x21d ./Core/Src/main.o
 .debug_abbrev  0x00000000000004d5       0xc2 ./Core/Src/stm32l4xx_hal_msp.o
 .debug_abbrev  0x0000000000000597      0x166 ./Core/Src/stm32l4xx_it.o
 .debug_abbrev  0x00000000000006fd      0x116 ./Core/Src/system_stm32l4xx.o
 .debug_abbrev  0x0000000000000813      0x1f0 ./Core/Src/usart.o
 .debug_abbrev  0x0000000000000a03       0x12 ./Core/Startup/startup_stm32l432kcux.o
 .debug_abbrev  0x0000000000000a15      0x21e ./Drivers/STM32L4xx_HAL_Driver/Src/stm32l4xx_hal.o
 .debug_abbrev  0x0000000000000c33      0x316 ./Drivers/STM32L4xx_HAL_Driver/Src/stm32l4xx_hal_cortex.o
 .debug_abbrev  0x0000000000000f49      0x1d7 ./Drivers/STM32L4xx_HAL_Driver/Src/stm32l4xx_hal_dma.o
 .debug_abbrev  0x0000000000001120      0x1bb ./Drivers/STM32L4xx_HAL_Driver/Src/stm32l4xx_hal_gpio.o
 .debug_abbrev  0x00000000000012db      0x1f3 ./Drivers/STM32L4xx_HAL_Driver/Src/stm32l4xx_hal_pwr_ex.o
 .debug_abbrev  0x00000000000014ce      0x2bd ./Drivers/STM32L4xx_HAL_Driver/Src/stm32l4xx_hal_rcc.o
 .debug_abbrev  0x000000000000178b      0x299 ./Drivers/STM32L4xx_HAL_Driver/Src/stm32l4xx_hal_rcc_ex.o
 .debug_abbrev  0x0000000000001a24      0x2bc ./Drivers/STM32L4xx_HAL_Driver/Src/stm32l4xx_hal_uart.o
 .debug_abbrev  0x0000000000001ce0      0x2ab ./Drivers/STM32L4xx_HAL_Driver/Src/stm32l4xx_hal_uart_ex.o

.debug_aranges  0x0000000000000000      0x9e8
 .debug_aranges
                0x0000000000000000       0x50 ./Core/Src/MKS42Dcommands.o
 .debug_aranges
                0x0000000000000050       0x20 ./Core/Src/gpio.o
 .debug_aranges
                0x0000000000000070       0x30 ./Core/Src/main.o
 .debug_aranges
                0x00000000000000a0       0x20 ./Core/Src/stm32l4xx_hal_msp.o
 .debug_aranges
                0x00000000000000c0       0x68 ./Core/Src/stm32l4xx_it.o
 .debug_aranges
                0x0000000000000128       0x28 ./Core/Src/system_stm32l4xx.o
 .debug_aranges
                0x0000000000000150       0x30 ./Core/Src/usart.o
 .debug_aranges
                0x0000000000000180       0x28 ./Core/Startup/startup_stm32l432kcux.o
 .debug_aranges
                0x00000000000001a8      0x108 ./Drivers/STM32L4xx_HAL_Driver/Src/stm32l4xx_hal.o
 .debug_aranges
                0x00000000000002b0      0x118 ./Drivers/STM32L4xx_HAL_Driver/Src/stm32l4xx_hal_cortex.o
 .debug_aranges
                0x00000000000003c8       0x80 ./Drivers/STM32L4xx_HAL_Driver/Src/stm32l4xx_hal_dma.o
 .debug_aranges
                0x0000000000000448       0x58 ./Drivers/STM32L4xx_HAL_Driver/Src/stm32l4xx_hal_gpio.o
 .debug_aranges
                0x00000000000004a0      0x128 ./Drivers/STM32L4xx_HAL_Driver/Src/stm32l4xx_hal_pwr_ex.o
 .debug_aranges
                0x00000000000005c8       0x90 ./Drivers/STM32L4xx_HAL_Driver/Src/stm32l4xx_hal_rcc.o
 .debug_aranges
                0x0000000000000658       0xf0 ./Drivers/STM32L4xx_HAL_Driver/Src/stm32l4xx_hal_rcc_ex.o
 .debug_aranges
                0x0000000000000748      0x228 ./Drivers/STM32L4xx_HAL_Driver/Src/stm32l4xx_hal_uart.o
 .debug_aranges
                0x0000000000000970       0x78 ./Drivers/STM32L4xx_HAL_Driver/Src/stm32l4xx_hal_uart_ex.o

.debug_ranges   0x0000000000000000      0x910
 .debug_ranges  0x0000000000000000       0x40 ./Core/Src/MKS42Dcommands.o
 .debug_ranges  0x0000000000000040       0x10 ./Core/Src/gpio.o
 .debug_ranges  0x0000000000000050       0x20 ./Core/Src/main.o
 .debug_ranges  0x0000000000000070       0x10 ./Core/Src/stm32l4xx_hal_msp.o
 .debug_ranges  0x0000000000000080       0x58 ./Core/Src/stm32l4xx_it.o
 .debug_ranges  0x00000000000000d8       0x18 ./Core/Src/system_stm32l4xx.o
 .debug_ranges  0x00000000000000f0       0x20 ./Core/Src/usart.o
 .debug_ranges  0x0000000000000110       0x20 ./Core/Startup/startup_stm32l432kcux.o
 .debug_ranges  0x0000000000000130       0xf8 ./Drivers/STM32L4xx_HAL_Driver/Src/stm32l4xx_hal.o
 .debug_ranges  0x0000000000000228      0x108 ./Drivers/STM32L4xx_HAL_Driver/Src/stm32l4xx_hal_cortex.o
 .debug_ranges  0x0000000000000330       0x70 ./Drivers/STM32L4xx_HAL_Driver/Src/stm32l4xx_hal_dma.o
 .debug_ranges  0x00000000000003a0       0x48 ./Drivers/STM32L4xx_HAL_Driver/Src/stm32l4xx_hal_gpio.o
 .debug_ranges  0x00000000000003e8      0x118 ./Drivers/STM32L4xx_HAL_Driver/Src/stm32l4xx_hal_pwr_ex.o
 .debug_ranges  0x0000000000000500       0x80 ./Drivers/STM32L4xx_HAL_Driver/Src/stm32l4xx_hal_rcc.o
 .debug_ranges  0x0000000000000580       0xe0 ./Drivers/STM32L4xx_HAL_Driver/Src/stm32l4xx_hal_rcc_ex.o
 .debug_ranges  0x0000000000000660      0x248 ./Drivers/STM32L4xx_HAL_Driver/Src/stm32l4xx_hal_uart.o
 .debug_ranges  0x00000000000008a8       0x68 ./Drivers/STM32L4xx_HAL_Driver/Src/stm32l4xx_hal_uart_ex.o

.debug_macro    0x0000000000000000    0x205d7
 .debug_macro   0x0000000000000000      0x2b9 ./Core/Src/MKS42Dcommands.o
 .debug_macro   0x00000000000002b9      0xa78 ./Core/Src/MKS42Dcommands.o
 .debug_macro   0x0000000000000d31      0x1a7 ./Core/Src/MKS42Dcommands.o
 .debug_macro   0x0000000000000ed8       0x2e ./Core/Src/MKS42Dcommands.o
 .debug_macro   0x0000000000000f06       0x28 ./Core/Src/MKS42Dcommands.o
 .debug_macro   0x0000000000000f2e       0x22 ./Core/Src/MKS42Dcommands.o
 .debug_macro   0x0000000000000f50       0x8e ./Core/Src/MKS42Dcommands.o
 .debug_macro   0x0000000000000fde       0x51 ./Core/Src/MKS42Dcommands.o
 .debug_macro   0x000000000000102f      0x103 ./Core/Src/MKS42Dcommands.o
 .debug_macro   0x0000000000001132       0x6a ./Core/Src/MKS42Dcommands.o
 .debug_macro   0x000000000000119c      0x1df ./Core/Src/MKS42Dcommands.o
 .debug_macro   0x000000000000137b       0x1c ./Core/Src/MKS42Dcommands.o
 .debug_macro   0x0000000000001397       0x22 ./Core/Src/MKS42Dcommands.o
 .debug_macro   0x00000000000013b9       0xfb ./Core/Src/MKS42Dcommands.o
 .debug_macro   0x00000000000014b4     0x1011 ./Core/Src/MKS42Dcommands.o
 .debug_macro   0x00000000000024c5      0x11f ./Core/Src/MKS42Dcommands.o
 .debug_macro   0x00000000000025e4    0x147a6 ./Core/Src/MKS42Dcommands.o
 .debug_macro   0x0000000000016d8a       0x6d ./Core/Src/MKS42Dcommands.o
 .debug_macro   0x0000000000016df7     0x38e6 ./Core/Src/MKS42Dcommands.o
 .debug_macro   0x000000000001a6dd      0x174 ./Core/Src/MKS42Dcommands.o
 .debug_macro   0x000000000001a851       0x5c ./Core/Src/MKS42Dcommands.o
 .debug_macro   0x000000000001a8ad     0x11ca ./Core/Src/MKS42Dcommands.o
 .debug_macro   0x000000000001ba77      0x53c ./Core/Src/MKS42Dcommands.o
 .debug_macro   0x000000000001bfb3      0x1b9 ./Core/Src/MKS42Dcommands.o
 .debug_macro   0x000000000001c16c      0x122 ./Core/Src/MKS42Dcommands.o
 .debug_macro   0x000000000001c28e      0x26b ./Core/Src/MKS42Dcommands.o
 .debug_macro   0x000000000001c4f9      0x23d ./Core/Src/MKS42Dcommands.o
 .debug_macro   0x000000000001c736      0x241 ./Core/Src/MKS42Dcommands.o
 .debug_macro   0x000000000001c977      0x375 ./Core/Src/MKS42Dcommands.o
 .debug_macro   0x000000000001ccec       0xd6 ./Core/Src/MKS42Dcommands.o
 .debug_macro   0x000000000001cdc2      0x22c ./Core/Src/MKS42Dcommands.o
 .debug_macro   0x000000000001cfee       0x61 ./Core/Src/MKS42Dcommands.o
 .debug_macro   0x000000000001d04f       0xa5 ./Core/Src/MKS42Dcommands.o
 .debug_macro   0x000000000001d0f4      0x122 ./Core/Src/MKS42Dcommands.o
 .debug_macro   0x000000000001d216      0x356 ./Core/Src/MKS42Dcommands.o
 .debug_macro   0x000000000001d56c      0x5ba ./Core/Src/MKS42Dcommands.o
 .debug_macro   0x000000000001db26       0x44 ./Core/Src/MKS42Dcommands.o
 .debug_macro   0x000000000001db6a      0x220 ./Core/Src/MKS42Dcommands.o
 .debug_macro   0x000000000001dd8a       0x22 ./Core/Src/MKS42Dcommands.o
 .debug_macro   0x000000000001ddac       0x52 ./Core/Src/MKS42Dcommands.o
 .debug_macro   0x000000000001ddfe       0x1e ./Core/Src/MKS42Dcommands.o
 .debug_macro   0x000000000001de1c       0x3c ./Core/Src/MKS42Dcommands.o
 .debug_macro   0x000000000001de58       0x34 ./Core/Src/MKS42Dcommands.o
 .debug_macro   0x000000000001de8c       0x16 ./Core/Src/MKS42Dcommands.o
 .debug_macro   0x000000000001dea2       0x43 ./Core/Src/MKS42Dcommands.o
 .debug_macro   0x000000000001dee5       0x34 ./Core/Src/MKS42Dcommands.o
 .debug_macro   0x000000000001df19       0x10 ./Core/Src/MKS42Dcommands.o
 .debug_macro   0x000000000001df29       0x58 ./Core/Src/MKS42Dcommands.o
 .debug_macro   0x000000000001df81       0x71 ./Core/Src/MKS42Dcommands.o
 .debug_macro   0x000000000001dff2       0x1c ./Core/Src/MKS42Dcommands.o
 .debug_macro   0x000000000001e00e      0x12a ./Core/Src/MKS42Dcommands.o
 .debug_macro   0x000000000001e138      0x341 ./Core/Src/MKS42Dcommands.o
 .debug_macro   0x000000000001e479       0x10 ./Core/Src/MKS42Dcommands.o
 .debug_macro   0x000000000001e489       0x35 ./Core/Src/MKS42Dcommands.o
 .debug_macro   0x000000000001e4be       0x20 ./Core/Src/MKS42Dcommands.o
 .debug_macro   0x000000000001e4de       0x5e ./Core/Src/MKS42Dcommands.o
 .debug_macro   0x000000000001e53c      0x2c7 ./Core/Src/gpio.o
 .debug_macro   0x000000000001e803      0x2cb ./Core/Src/main.o
 .debug_macro   0x000000000001eace      0x2bd ./Core/Src/stm32l4xx_hal_msp.o
 .debug_macro   0x000000000001ed8b      0x2c7 ./Core/Src/stm32l4xx_it.o
 .debug_macro   0x000000000001f052      0x1c5 ./Core/Src/system_stm32l4xx.o
 .debug_macro   0x000000000001f217      0x2bd ./Core/Src/usart.o
 .debug_macro   0x000000000001f4d4      0x20d ./Drivers/STM32L4xx_HAL_Driver/Src/stm32l4xx_hal.o
 .debug_macro   0x000000000001f6e1      0x1c5 ./Drivers/STM32L4xx_HAL_Driver/Src/stm32l4xx_hal_cortex.o
 .debug_macro   0x000000000001f8a6      0x1c5 ./Drivers/STM32L4xx_HAL_Driver/Src/stm32l4xx_hal_dma.o
 .debug_macro   0x000000000001fa6b      0x1cc ./Drivers/STM32L4xx_HAL_Driver/Src/stm32l4xx_hal_gpio.o
 .debug_macro   0x000000000001fc37      0x1e9 ./Drivers/STM32L4xx_HAL_Driver/Src/stm32l4xx_hal_pwr_ex.o
 .debug_macro   0x000000000001fe20      0x207 ./Drivers/STM32L4xx_HAL_Driver/Src/stm32l4xx_hal_rcc.o
 .debug_macro   0x0000000000020027      0x1fb ./Drivers/STM32L4xx_HAL_Driver/Src/stm32l4xx_hal_rcc_ex.o
 .debug_macro   0x0000000000020222      0x1f0 ./Drivers/STM32L4xx_HAL_Driver/Src/stm32l4xx_hal_uart.o
 .debug_macro   0x0000000000020412      0x1c5 ./Drivers/STM32L4xx_HAL_Driver/Src/stm32l4xx_hal_uart_ex.o

.debug_line     0x0000000000000000     0xea9b
 .debug_line    0x0000000000000000      0xb47 ./Core/Src/MKS42Dcommands.o
 .debug_line    0x0000000000000b47      0x999 ./Core/Src/gpio.o
 .debug_line    0x00000000000014e0      0xafa ./Core/Src/main.o
 .debug_line    0x0000000000001fda      0x99d ./Core/Src/stm32l4xx_hal_msp.o
 .debug_line    0x0000000000002977      0xa78 ./Core/Src/stm32l4xx_it.o
 .debug_line    0x00000000000033ef      0x884 ./Core/Src/system_stm32l4xx.o
 .debug_line    0x0000000000003c73      0xa17 ./Core/Src/usart.o
 .debug_line    0x000000000000468a       0x88 ./Core/Startup/startup_stm32l432kcux.o
 .debug_line    0x0000000000004712      0xb49 ./Drivers/STM32L4xx_HAL_Driver/Src/stm32l4xx_hal.o
 .debug_line    0x000000000000525b      0xd83 ./Drivers/STM32L4xx_HAL_Driver/Src/stm32l4xx_hal_cortex.o
 .debug_line    0x0000000000005fde      0xdbb ./Drivers/STM32L4xx_HAL_Driver/Src/stm32l4xx_hal_dma.o
 .debug_line    0x0000000000006d99      0xbd3 ./Drivers/STM32L4xx_HAL_Driver/Src/stm32l4xx_hal_gpio.o
 .debug_line    0x000000000000796c      0xcdb ./Drivers/STM32L4xx_HAL_Driver/Src/stm32l4xx_hal_pwr_ex.o
 .debug_line    0x0000000000008647     0x1094 ./Drivers/STM32L4xx_HAL_Driver/Src/stm32l4xx_hal_rcc.o
 .debug_line    0x00000000000096db     0x13ae ./Drivers/STM32L4xx_HAL_Driver/Src/stm32l4xx_hal_rcc_ex.o
 .debug_line    0x000000000000aa89     0x32ed ./Drivers/STM32L4xx_HAL_Driver/Src/stm32l4xx_hal_uart.o
 .debug_line    0x000000000000dd76      0xd25 ./Drivers/STM32L4xx_HAL_Driver/Src/stm32l4xx_hal_uart_ex.o

.debug_str      0x0000000000000000    0xc0157
 .debug_str     0x0000000000000000    0xbd1dc ./Core/Src/MKS42Dcommands.o
                                      0xbd509 (size before relaxing)
 .debug_str     0x00000000000bd1dc      0x149 ./Core/Src/gpio.o
                                      0xbd076 (size before relaxing)
 .debug_str     0x00000000000bd325      0x206 ./Core/Src/main.o
                                      0xbd67f (size before relaxing)
 .debug_str     0x00000000000bd52b       0x2c ./Core/Src/stm32l4xx_hal_msp.o
                                      0xbd076 (size before relaxing)
 .debug_str     0x00000000000bd557       0xef ./Core/Src/stm32l4xx_it.o
                                      0xbd41b (size before relaxing)
 .debug_str     0x00000000000bd646       0xf2 ./Core/Src/system_stm32l4xx.o
                                      0xba190 (size before relaxing)
 .debug_str     0x00000000000bd738      0x643 ./Core/Src/usart.o
                                      0xbdb59 (size before relaxing)
 .debug_str     0x00000000000bdd7b       0x36 ./Core/Startup/startup_stm32l432kcux.o
                                         0x8b (size before relaxing)
 .debug_str     0x00000000000bddb1      0x564 ./Drivers/STM32L4xx_HAL_Driver/Src/stm32l4xx_hal.o
                                      0xbab1d (size before relaxing)
 .debug_str     0x00000000000be315      0x313 ./Drivers/STM32L4xx_HAL_Driver/Src/stm32l4xx_hal_cortex.o
                                      0xba8be (size before relaxing)
 .debug_str     0x00000000000be628      0x258 ./Drivers/STM32L4xx_HAL_Driver/Src/stm32l4xx_hal_dma.o
                                      0xba3f7 (size before relaxing)
 .debug_str     0x00000000000be880      0x15f ./Drivers/STM32L4xx_HAL_Driver/Src/stm32l4xx_hal_gpio.o
                                      0xba304 (size before relaxing)
 .debug_str     0x00000000000be9df      0x44e ./Drivers/STM32L4xx_HAL_Driver/Src/stm32l4xx_hal_pwr_ex.o
                                      0xba638 (size before relaxing)
 .debug_str     0x00000000000bee2d      0x38c ./Drivers/STM32L4xx_HAL_Driver/Src/stm32l4xx_hal_rcc.o
                                      0xba790 (size before relaxing)
 .debug_str     0x00000000000bf1b9      0x553 ./Drivers/STM32L4xx_HAL_Driver/Src/stm32l4xx_hal_rcc_ex.o
                                      0xba9f0 (size before relaxing)
 .debug_str     0x00000000000bf70c      0x86e ./Drivers/STM32L4xx_HAL_Driver/Src/stm32l4xx_hal_uart.o
                                      0xbaec0 (size before relaxing)
 .debug_str     0x00000000000bff7a      0x1dd ./Drivers/STM32L4xx_HAL_Driver/Src/stm32l4xx_hal_uart_ex.o
                                      0xba6cf (size before relaxing)

.comment        0x0000000000000000       0x50
 .comment       0x0000000000000000       0x50 ./Core/Src/MKS42Dcommands.o
                                         0x51 (size before relaxing)
 .comment       0x0000000000000050       0x51 ./Core/Src/gpio.o
 .comment       0x0000000000000050       0x51 ./Core/Src/main.o
 .comment       0x0000000000000050       0x51 ./Core/Src/stm32l4xx_hal_msp.o
 .comment       0x0000000000000050       0x51 ./Core/Src/stm32l4xx_it.o
 .comment       0x0000000000000050       0x51 ./Core/Src/system_stm32l4xx.o
 .comment       0x0000000000000050       0x51 ./Core/Src/usart.o
 .comment       0x0000000000000050       0x51 ./Drivers/STM32L4xx_HAL_Driver/Src/stm32l4xx_hal.o
 .comment       0x0000000000000050       0x51 ./Drivers/STM32L4xx_HAL_Driver/Src/stm32l4xx_hal_cortex.o
 .comment       0x0000000000000050       0x51 ./Drivers/STM32L4xx_HAL_Driver/Src/stm32l4xx_hal_dma.o
 .comment       0x0000000000000050       0x51 ./Drivers/STM32L4xx_HAL_Driver/Src/stm32l4xx_hal_gpio.o
 .comment       0x0000000000000050       0x51 ./Drivers/STM32L4xx_HAL_Driver/Src/stm32l4xx_hal_pwr_ex.o
 .comment       0x0000000000000050       0x51 ./Drivers/STM32L4xx_HAL_Driver/Src/stm32l4xx_hal_rcc.o
 .comment       0x0000000000000050       0x51 ./Drivers/STM32L4xx_HAL_Driver/Src/stm32l4xx_hal_rcc_ex.o
 .comment       0x0000000000000050       0x51 ./Drivers/STM32L4xx_HAL_Driver/Src/stm32l4xx_hal_uart.o
 .comment       0x0000000000000050       0x51 ./Drivers/STM32L4xx_HAL_Driver/Src/stm32l4xx_hal_uart_ex.o

.debug_frame    0x0000000000000000     0x26a4
 .debug_frame   0x0000000000000000      0x108 ./Core/Src/MKS42Dcommands.o
 .debug_frame   0x0000000000000108       0x38 ./Core/Src/gpio.o
 .debug_frame   0x0000000000000140       0x68 ./Core/Src/main.o
 .debug_frame   0x00000000000001a8       0x38 ./Core/Src/stm32l4xx_hal_msp.o
 .debug_frame   0x00000000000001e0      0x120 ./Core/Src/stm32l4xx_it.o
 .debug_frame   0x0000000000000300       0x58 ./Core/Src/system_stm32l4xx.o
 .debug_frame   0x0000000000000358       0x78 ./Core/Src/usart.o
 .debug_frame   0x00000000000003d0      0x3dc ./Drivers/STM32L4xx_HAL_Driver/Src/stm32l4xx_hal.o
 .debug_frame   0x00000000000007ac      0x498 ./Drivers/STM32L4xx_HAL_Driver/Src/stm32l4xx_hal_cortex.o
 .debug_frame   0x0000000000000c44      0x204 ./Drivers/STM32L4xx_HAL_Driver/Src/stm32l4xx_hal_dma.o
 .debug_frame   0x0000000000000e48      0x14c ./Drivers/STM32L4xx_HAL_Driver/Src/stm32l4xx_hal_gpio.o
 .debug_frame   0x0000000000000f94      0x4a4 ./Drivers/STM32L4xx_HAL_Driver/Src/stm32l4xx_hal_pwr_ex.o
 .debug_frame   0x0000000000001438      0x21c ./Drivers/STM32L4xx_HAL_Driver/Src/stm32l4xx_hal_rcc.o
 .debug_frame   0x0000000000001654      0x3d0 ./Drivers/STM32L4xx_HAL_Driver/Src/stm32l4xx_hal_rcc_ex.o
 .debug_frame   0x0000000000001a24      0x9f4 ./Drivers/STM32L4xx_HAL_Driver/Src/stm32l4xx_hal_uart.o
 .debug_frame   0x0000000000002418      0x1e0 ./Drivers/STM32L4xx_HAL_Driver/Src/stm32l4xx_hal_uart_ex.o
 .debug_frame   0x00000000000025f8       0x2c c:/users/4mzr2/onedrive/pulpit/uczelnia/stm32/stm32cubeide_1.10.1/stm32cubeide/plugins/com.st.stm32cube.ide.mcu.externaltools.gnu-tools-for-stm32.10.3-2021.10.win32_1.0.0.202111181127/tools/bin/../lib/gcc/arm-none-eabi/10.3.1/../../../../arm-none-eabi/lib/thumb/v7e-m+fp/hard\libc_nano.a(lib_a-init.o)
 .debug_frame   0x0000000000002624       0x20 c:/users/4mzr2/onedrive/pulpit/uczelnia/stm32/stm32cubeide_1.10.1/stm32cubeide/plugins/com.st.stm32cube.ide.mcu.externaltools.gnu-tools-for-stm32.10.3-2021.10.win32_1.0.0.202111181127/tools/bin/../lib/gcc/arm-none-eabi/10.3.1/../../../../arm-none-eabi/lib/thumb/v7e-m+fp/hard\libc_nano.a(lib_a-memset.o)
 .debug_frame   0x0000000000002644       0x2c c:/users/4mzr2/onedrive/pulpit/uczelnia/stm32/stm32cubeide_1.10.1/stm32cubeide/plugins/com.st.stm32cube.ide.mcu.externaltools.gnu-tools-for-stm32.10.3-2021.10.win32_1.0.0.202111181127/tools/bin/../lib/gcc/arm-none-eabi/10.3.1/thumb/v7e-m+fp/hard\libgcc.a(_aeabi_uldivmod.o)
 .debug_frame   0x0000000000002670       0x34 c:/users/4mzr2/onedrive/pulpit/uczelnia/stm32/stm32cubeide_1.10.1/stm32cubeide/plugins/com.st.stm32cube.ide.mcu.externaltools.gnu-tools-for-stm32.10.3-2021.10.win32_1.0.0.202111181127/tools/bin/../lib/gcc/arm-none-eabi/10.3.1/thumb/v7e-m+fp/hard\libgcc.a(_udivmoddi4.o)
