../Core/Src/main.c:87:6:HAL_UART_RxCpltCallback	16	static
../Core/Src/main.c:95:9:CRC_calc	24	static
../Core/Src/main.c:104:6:MKS_read_param	16	static
../Core/Src/main.c:129:6:MKS_set_param	16	static
../Core/Src/main.c:144:6:MKS_rotate	24	static
../Core/Src/main.c:170:6:MKS_set_rotation_speed	16	static
../Core/Src/main.c:189:6:MKS_stop	8	static
../Core/Src/main.c:208:5:main	8	static
../Core/Src/main.c:300:6:SystemClock_Config	96	static
../Core/Src/main.c:354:6:Error_Handler	4	static,ignoring_inline_asm
