../Core/Src/main.c:88:6:HAL_UART_RxCpltCallback	16	static
../Core/Src/main.c:96:9:CRC_calc	24	static
../Core/Src/main.c:105:6:MKS_read_param	16	static
../Core/Src/main.c:121:6:MKS_set_param	16	static
../Core/Src/main.c:137:6:MKS_rotate	24	static
../Core/Src/main.c:164:6:MKS_set_rotation_speed	16	static
../Core/Src/main.c:185:6:MKS_stop	8	static
../Core/Src/main.c:205:5:main	8	static
../Core/Src/main.c:283:6:SystemClock_Config	96	static
../Core/Src/main.c:337:6:Error_Handler	4	static,ignoring_inline_asm
