../Core/Src/MKS42Dcommands.c:27:6:HAL_UART_RxCpltCallback	16	static
../Core/Src/MKS42Dcommands.c:45:6:HAL_TIM_PeriodElapsedCallback	16	static
../Core/Src/MKS42Dcommands.c:56:6:MKS_error_handler	8	static
../Core/Src/MKS42Dcommands.c:64:9:CRC_calc	24	static
../Core/Src/MKS42Dcommands.c:72:6:MKS_UART_wait	8	static
../Core/Src/MKS42Dcommands.c:86:6:MKS_init	8	static
../Core/Src/MKS42Dcommands.c:97:6:MKS_read_param	24	static
../Core/Src/MKS42Dcommands.c:111:6:MKS_read_param_F	16	static
../Core/Src/MKS42Dcommands.c:118:6:MKS_set_param	16	static
../Core/Src/MKS42Dcommands.c:130:6:MKS_set_param_F	16	static
../Core/Src/MKS42Dcommands.c:136:9:RPM_to_speed	24	static
../Core/Src/MKS42Dcommands.c:143:6:MKS_rotate	24	static
../Core/Src/MKS42Dcommands.c:167:6:MKS_rotate_F	16	static
../Core/Src/MKS42Dcommands.c:173:6:MKS_set_rotation_speed	16	static
../Core/Src/MKS42Dcommands.c:191:6:MKS_set_rotation_speed_F	16	static
../Core/Src/MKS42Dcommands.c:197:6:MKS_stop	8	static
../Core/Src/MKS42Dcommands.c:208:6:MKS_stop_F	8	static
../Core/Src/MKS42Dcommands.c:214:16:MKS_get_encoder_value	40	static
../Core/Src/MKS42Dcommands.c:223:6:MKS_hard_reset	8	static
