../Core/Src/MKS42Dcommands.c:27:6:HAL_UART_RxCpltCallback	16	static
../Core/Src/MKS42Dcommands.c:45:6:HAL_TIM_PeriodElapsedCallback	16	static
../Core/Src/MKS42Dcommands.c:53:9:CRC_calc	24	static
../Core/Src/MKS42Dcommands.c:61:6:MKS_UART_wait	8	static
../Core/Src/MKS42Dcommands.c:72:6:MKS_init	8	static
../Core/Src/MKS42Dcommands.c:83:6:MKS_read_param	24	static
../Core/Src/MKS42Dcommands.c:97:6:MKS_read_param_F	16	static
../Core/Src/MKS42Dcommands.c:104:6:MKS_set_param	16	static
../Core/Src/MKS42Dcommands.c:116:6:MKS_set_param_F	16	static
../Core/Src/MKS42Dcommands.c:122:6:MKS_rotate	24	static
../Core/Src/MKS42Dcommands.c:145:6:MKS_rotate_F	16	static
../Core/Src/MKS42Dcommands.c:151:6:MKS_set_rotation_speed	16	static
../Core/Src/MKS42Dcommands.c:168:6:MKS_set_rotation_speed_F	16	static
../Core/Src/MKS42Dcommands.c:174:6:MKS_stop	8	static
../Core/Src/MKS42Dcommands.c:185:6:MKS_stop_F	8	static
../Core/Src/MKS42Dcommands.c:191:16:MKS_get_encoder_value	40	static
